Component: ARM Compiler 5.06 update 5 (build 528) Tool: armlink [4d35e2]

==============================================================================

Section Cross References

    startup_stm32f10x_md.o(STACK) refers (Special) to heapauxi.o(.text) for __use_two_region_memory
    startup_stm32f10x_md.o(HEAP) refers (Special) to heapauxi.o(.text) for __use_two_region_memory
    startup_stm32f10x_md.o(RESET) refers (Special) to heapauxi.o(.text) for __use_two_region_memory
    startup_stm32f10x_md.o(RESET) refers to startup_stm32f10x_md.o(STACK) for __initial_sp
    startup_stm32f10x_md.o(RESET) refers to startup_stm32f10x_md.o(.text) for Reset_Handler
    startup_stm32f10x_md.o(RESET) refers to stm32f10x_it.o(i.NMI_Handler) for NMI_Handler
    startup_stm32f10x_md.o(RESET) refers to stm32f10x_it.o(i.HardFault_Handler) for HardFault_Handler
    startup_stm32f10x_md.o(RESET) refers to stm32f10x_it.o(i.MemManage_Handler) for MemManage_Handler
    startup_stm32f10x_md.o(RESET) refers to stm32f10x_it.o(i.BusFault_Handler) for BusFault_Handler
    startup_stm32f10x_md.o(RESET) refers to stm32f10x_it.o(i.UsageFault_Handler) for UsageFault_Handler
    startup_stm32f10x_md.o(RESET) refers to stm32f10x_it.o(i.SVC_Handler) for SVC_Handler
    startup_stm32f10x_md.o(RESET) refers to stm32f10x_it.o(i.DebugMon_Handler) for DebugMon_Handler
    startup_stm32f10x_md.o(RESET) refers to stm32f10x_it.o(i.PendSV_Handler) for PendSV_Handler
    startup_stm32f10x_md.o(RESET) refers to stm32f10x_it.o(i.SysTick_Handler) for SysTick_Handler
    startup_stm32f10x_md.o(RESET) refers to main.o(i.TIM2_IRQHandler) for TIM2_IRQHandler
    startup_stm32f10x_md.o(RESET) refers to serial.o(i.USART1_IRQHandler) for USART1_IRQHandler
    startup_stm32f10x_md.o(.text) refers (Special) to heapauxi.o(.text) for __use_two_region_memory
    startup_stm32f10x_md.o(.text) refers to system_stm32f10x.o(i.SystemInit) for SystemInit
    startup_stm32f10x_md.o(.text) refers to __main.o(!!!main) for __main
    startup_stm32f10x_md.o(.text) refers to startup_stm32f10x_md.o(HEAP) for Heap_Mem
    startup_stm32f10x_md.o(.text) refers to startup_stm32f10x_md.o(STACK) for Stack_Mem
    system_stm32f10x.o(i.SetSysClock) refers to system_stm32f10x.o(i.SetSysClockTo72) for SetSysClockTo72
    system_stm32f10x.o(i.SystemCoreClockUpdate) refers to system_stm32f10x.o(.data) for SystemCoreClock
    system_stm32f10x.o(i.SystemInit) refers to system_stm32f10x.o(i.SetSysClock) for SetSysClock
    stm32f10x_adc.o(i.ADC_DeInit) refers to stm32f10x_rcc.o(i.RCC_APB2PeriphResetCmd) for RCC_APB2PeriphResetCmd
    stm32f10x_bkp.o(i.BKP_DeInit) refers to stm32f10x_rcc.o(i.RCC_BackupResetCmd) for RCC_BackupResetCmd
    stm32f10x_can.o(i.CAN_DeInit) refers to stm32f10x_rcc.o(i.RCC_APB1PeriphResetCmd) for RCC_APB1PeriphResetCmd
    stm32f10x_can.o(i.CAN_GetITStatus) refers to stm32f10x_can.o(i.CheckITStatus) for CheckITStatus
    stm32f10x_cec.o(i.CEC_DeInit) refers to stm32f10x_rcc.o(i.RCC_APB1PeriphResetCmd) for RCC_APB1PeriphResetCmd
    stm32f10x_dac.o(i.DAC_DeInit) refers to stm32f10x_rcc.o(i.RCC_APB1PeriphResetCmd) for RCC_APB1PeriphResetCmd
    stm32f10x_flash.o(i.FLASH_EnableWriteProtection) refers to stm32f10x_flash.o(i.FLASH_WaitForLastOperation) for FLASH_WaitForLastOperation
    stm32f10x_flash.o(i.FLASH_EraseAllBank1Pages) refers to stm32f10x_flash.o(i.FLASH_WaitForLastBank1Operation) for FLASH_WaitForLastBank1Operation
    stm32f10x_flash.o(i.FLASH_EraseAllPages) refers to stm32f10x_flash.o(i.FLASH_WaitForLastOperation) for FLASH_WaitForLastOperation
    stm32f10x_flash.o(i.FLASH_EraseOptionBytes) refers to stm32f10x_flash.o(i.FLASH_GetReadOutProtectionStatus) for FLASH_GetReadOutProtectionStatus
    stm32f10x_flash.o(i.FLASH_EraseOptionBytes) refers to stm32f10x_flash.o(i.FLASH_WaitForLastOperation) for FLASH_WaitForLastOperation
    stm32f10x_flash.o(i.FLASH_ErasePage) refers to stm32f10x_flash.o(i.FLASH_WaitForLastOperation) for FLASH_WaitForLastOperation
    stm32f10x_flash.o(i.FLASH_ProgramHalfWord) refers to stm32f10x_flash.o(i.FLASH_WaitForLastOperation) for FLASH_WaitForLastOperation
    stm32f10x_flash.o(i.FLASH_ProgramOptionByteData) refers to stm32f10x_flash.o(i.FLASH_WaitForLastOperation) for FLASH_WaitForLastOperation
    stm32f10x_flash.o(i.FLASH_ProgramWord) refers to stm32f10x_flash.o(i.FLASH_WaitForLastOperation) for FLASH_WaitForLastOperation
    stm32f10x_flash.o(i.FLASH_ReadOutProtection) refers to stm32f10x_flash.o(i.FLASH_WaitForLastOperation) for FLASH_WaitForLastOperation
    stm32f10x_flash.o(i.FLASH_UserOptionByteConfig) refers to stm32f10x_flash.o(i.FLASH_WaitForLastOperation) for FLASH_WaitForLastOperation
    stm32f10x_flash.o(i.FLASH_WaitForLastBank1Operation) refers to stm32f10x_flash.o(i.FLASH_GetBank1Status) for FLASH_GetBank1Status
    stm32f10x_flash.o(i.FLASH_WaitForLastOperation) refers to stm32f10x_flash.o(i.FLASH_GetBank1Status) for FLASH_GetBank1Status
[...]
    __rt_lib_init_preinit_1                  0x080001f3   Thumb Code     0  libinit2.o(.ARM.Collect$$libinit$$00000004)
    __rt_lib_init_rand_1                     0x080001f3   Thumb Code     0  libinit2.o(.ARM.Collect$$libinit$$0000000E)
    __rt_lib_init_user_alloc_1               0x080001f3   Thumb Code     0  libinit2.o(.ARM.Collect$$libinit$$0000000C)
    __rt_lib_init_lc_collate_1               0x080001f9   Thumb Code     0  libinit2.o(.ARM.Collect$$libinit$$00000011)
    __rt_lib_init_lc_ctype_2                 0x080001f9   Thumb Code     0  libinit2.o(.ARM.Collect$$libinit$$00000012)
    __rt_lib_init_lc_ctype_1                 0x08000205   Thumb Code     0  libinit2.o(.ARM.Collect$$libinit$$00000013)
    __rt_lib_init_lc_monetary_1              0x08000205   Thumb Code     0  libinit2.o(.ARM.Collect$$libinit$$00000015)
    __rt_lib_init_lc_numeric_2               0x08000205   Thumb Code     0  libinit2.o(.ARM.Collect$$libinit$$00000016)
    __rt_lib_init_alloca_1                   0x0800020f   Thumb Code     0  libinit2.o(.ARM.Collect$$libinit$$0000002E)
    __rt_lib_init_argv_1                     0x0800020f   Thumb Code     0  libinit2.o(.ARM.Collect$$libinit$$0000002C)
    __rt_lib_init_atexit_1                   0x0800020f   Thumb Code     0  libinit2.o(.ARM.Collect$$libinit$$0000001B)
    __rt_lib_init_clock_1                    0x0800020f   Thumb Code     0  libinit2.o(.ARM.Collect$$libinit$$00000021)
    __rt_lib_init_cpp_1                      0x0800020f   Thumb Code     0  libinit2.o(.ARM.Collect$$libinit$$00000032)
    __rt_lib_init_exceptions_1               0x0800020f   Thumb Code     0  libinit2.o(.ARM.Collect$$libinit$$00000030)
    __rt_lib_init_fp_trap_1                  0x0800020f   Thumb Code     0  libinit2.o(.ARM.Collect$$libinit$$0000001F)
    __rt_lib_init_getenv_1                   0x0800020f   Thumb Code     0  libinit2.o(.ARM.Collect$$libinit$$00000023)
    __rt_lib_init_lc_numeric_1               0x0800020f   Thumb Code     0  libinit2.o(.ARM.Collect$$libinit$$00000017)
    __rt_lib_init_lc_time_1                  0x0800020f   Thumb Code     0  libinit2.o(.ARM.Collect$$libinit$$00000019)
    __rt_lib_init_return                     0x0800020f   Thumb Code     0  libinit2.o(.ARM.Collect$$libinit$$00000033)
    __rt_lib_init_signal_1                   0x0800020f   Thumb Code     0  libinit2.o(.ARM.Collect$$libinit$$0000001D)
    __rt_lib_init_stdio_1                    0x0800020f   Thumb Code     0  libinit2.o(.ARM.Collect$$libinit$$00000025)
    __rt_lib_shutdown                        0x08000211   Thumb Code     0  libshutdown.o(.ARM.Collect$$libshutdown$$00000000)
    __rt_lib_shutdown_cpp_1                  0x08000213   Thumb Code     0  libshutdown2.o(.ARM.Collect$$libshutdown$$00000002)
    __rt_lib_shutdown_fp_trap_1              0x08000213   Thumb Code     0  libshutdown2.o(.ARM.Collect$$libshutdown$$00000007)
    __rt_lib_shutdown_heap_1                 0x08000213   Thumb Code     0  libshutdown2.o(.ARM.Collect$$libshutdown$$0000000F)
    __rt_lib_shutdown_return                 0x08000213   Thumb Code     0  libshutdown2.o(.ARM.Collect$$libshutdown$$00000010)
    __rt_lib_shutdown_signal_1               0x08000213   Thumb Code     0  libshutdown2.o(.ARM.Collect$$libshutdown$$0000000A)
    __rt_lib_shutdown_stdio_1                0x08000213   Thumb Code     0  libshutdown2.o(.ARM.Collect$$libshutdown$$00000004)
    __rt_lib_shutdown_user_alloc_1           0x08000213   Thumb Code     0  libshutdown2.o(.ARM.Collect$$libshutdown$$0000000C)
    __rt_entry                               0x08000215   Thumb Code     0  __rtentry.o(.ARM.Collect$$rtentry$$00000000)
    __rt_entry_presh_1                       0x08000215   Thumb Code     0  __rtentry2.o(.ARM.Collect$$rtentry$$00000002)
    __rt_entry_sh                            0x08000215   Thumb Code     0  __rtentry4.o(.ARM.Collect$$rtentry$$00000004)
    __rt_entry_li                            0x0800021b   Thumb Code     0  __rtentry2.o(.ARM.Collect$$rtentry$$0000000A)
    __rt_entry_postsh_1                      0x0800021b   Thumb Code     0  __rtentry2.o(.ARM.Collect$$rtentry$$00000009)
    __rt_entry_main                          0x0800021f   Thumb Code     0  __rtentry2.o(.ARM.Collect$$rtentry$$0000000D)
    __rt_entry_postli_1                      0x0800021f   Thumb Code     0  __rtentry2.o(.ARM.Collect$$rtentry$$0000000C)
    __rt_exit                                0x08000227   Thumb Code     0  rtexit.o(.ARM.Collect$$rtexit$$00000000)
    __rt_exit_ls                             0x08000229   Thumb Code     0  rtexit2.o(.ARM.Collect$$rtexit$$00000003)
    __rt_exit_prels_1                        0x08000229   Thumb Code     0  rtexit2.o(.ARM.Collect$$rtexit$$00000002)
    __rt_exit_exit                           0x0800022d   Thumb Code     0  rtexit2.o(.ARM.Collect$$rtexit$$00000004)
    Reset_Handler                            0x08000235   Thumb Code     8  startup_stm32f10x_md.o(.text)
    ADC1_2_IRQHandler                        0x0800024f   Thumb Code     0  startup_stm32f10x_md.o(.text)
    CAN1_RX1_IRQHandler                      0x0800024f   Thumb Code     0  startup_stm32f10x_md.o(.text)
    CAN1_SCE_IRQHandler                      0x0800024f   Thumb Code     0  startup_stm32f10x_md.o(.text)
    DMA1_Channel1_IRQHandler                 0x0800024f   Thumb Code     0  startup_stm32f10x_md.o(.text)
    DMA1_Channel2_IRQHandler                 0x0800024f   Thumb Code     0  startup_stm32f10x_md.o(.text)
    DMA1_Channel3_IRQHandler                 0x0800024f   Thumb Code     0  startup_stm32f10x_md.o(.text)
    DMA1_Channel4_IRQHandler                 0x0800024f   Thumb Code     0  startup_stm32f10x_md.o(.text)
    DMA1_Channel5_IRQHandler                 0x0800024f   Thumb Code     0  startup_stm32f10x_md.o(.text)
    DMA1_Channel6_IRQHandler                 0x0800024f   Thumb Code     0  startup_stm32f10x_md.o(.text)
    DMA1_Channel7_IRQHandler                 0x0800024f   Thumb Code     0  startup_stm32f10x_md.o(.text)
    EXTI0_IRQHandler                         0x0800024f   Thumb Code     0  startup_stm32f10x_md.o(.text)
    EXTI15_10_IRQHandler                     0x0800024f   Thumb Code     0  startup_stm32f10x_md.o(.text)
    EXTI1_IRQHandler                         0x0800024f   Thumb Code     0  startup_stm32f10x_md.o(.text)
    EXTI2_IRQHandler                         0x0800024f   Thumb Code     0  startup_stm32f10x_md.o(.text)
    EXTI3_IRQHandler                         0x0800024f   Thumb Code     0  startup_stm32f10x_md.o(.text)
    EXTI4_IRQHandler                         0x0800024f   Thumb Code     0  startup_stm32f10x_md.o(.text)
    EXTI9_5_IRQHandler                       0x0800024f   Thumb Code     0  startup_stm32f10x_md.o(.text)
    FLASH_IRQHandler                         0x0800024f   Thumb Code     0  startup_stm32f10x_md.o(.text)
    I2C1_ER_IRQHandler                       0x0800024f   Thumb Code     0  startup_stm32f10x_md.o(.text)
    I2C1_EV_IRQHandler                       0x0800024f   Thumb Code     0  startup_stm32f10x_md.o(.text)
    I2C2_ER_IRQHandler                       0x0800024f   Thumb Code     0  startup_stm32f10x_md.o(.text)
    I2C2_EV_IRQHandler                       0x0800024f   Thumb Code     0  startup_stm32f10x_md.o(.text)
    PVD_IRQHandler                           0x0800024f   Thumb Code     0  startup_stm32f10x_md.o(.text)
    RCC_IRQHandler                           0x0800024f   Thumb Code     0  startup_stm32f10x_md.o(.text)
    RTCAlarm_IRQHandler                      0x0800024f   Thumb Code     0  startup_stm32f10x_md.o(.text)
    RTC_IRQHandler                           0x0800024f   Thumb Code     0  startup_stm32f10x_md.o(.text)
    SPI1_IRQHandler                          0x0800024f   Thumb Code     0  startup_stm32f10x_md.o(.text)
    SPI2_IRQHandler                          0x0800024f   Thumb Code     0  startup_stm32f10x_md.o(.text)
    TAMPER_IRQHandler                        0x0800024f   Thumb Code     0  startup_stm32f10x_md.o(.text)
    TIM1_BRK_IRQHandler                      0x0800024f   Thumb Code     0  startup_stm32f10x_md.o(.text)
    TIM1_CC_IRQHandler                       0x0800024f   Thumb Code     0  startup_stm32f10x_md.o(.text)
    TIM1_TRG_COM_IRQHandler                  0x0800024f   Thumb Code     0  startup_stm32f10x_md.o(.text)
    TIM1_UP_IRQHandler                       0x0800024f   Thumb Code     0  startup_stm32f10x_md.o(.text)
    TIM3_IRQHandler                          0x0800024f   Thumb Code     0  startup_stm32f10x_md.o(.text)
    TIM4_IRQHandler                          0x0800024f   Thumb Code     0  startup_stm32f10x_md.o(.text)
    USART2_IRQHandler                        0x0800024f   Thumb Code     0  startup_stm32f10x_md.o(.text)
    USART3_IRQHandler                        0x0800024f   Thumb Code     0  startup_stm32f10x_md.o(.text)
    USBWakeUp_IRQHandler                     0x0800024f   Thumb Code     0  startup_stm32f10x_md.o(.text)
    USB_HP_CAN1_TX_IRQHandler                0x0800024f   Thumb Code     0  startup_stm32f10x_md.o(.text)
    USB_LP_CAN1_RX0_IRQHandler               0x0800024f   Thumb Code     0  startup_stm32f10x_md.o(.text)
    WWDG_IRQHandler                          0x0800024f   Thumb Code     0  startup_stm32f10x_md.o(.text)
    __user_initial_stackheap                 0x08000251   Thumb Code     0  startup_stm32f10x_md.o(.text)
    __aeabi_ldivmod                          0x08000275   Thumb Code     0  llsdiv.o(.text)
    _ll_sdiv                                 0x08000275   Thumb Code    72  llsdiv.o(.text)
    vsprintf                                 0x080002bd   Thumb Code    32  vsprintf.o(.text)
    memcmp                                   0x080002e1   Thumb Code    88  memcmp.o(.text)
    __aeabi_memcpy4                          0x08000339   Thumb Code     0  rt_memcpy_w.o(.text)
    __aeabi_memcpy8                          0x08000339   Thumb Code     0  rt_memcpy_w.o(.text)
    __rt_memcpy_w                            0x08000339   Thumb Code   100  rt_memcpy_w.o(.text)
    _memcpy_lastbytes_aligned                0x08000381   Thumb Code     0  rt_memcpy_w.o(.text)
    __aeabi_memset                           0x0800039d   Thumb Code    16  aeabi_memset.o(.text)
    strcmp                                   0x080003ad   Thumb Code   128  strcmpv7m.o(.text)
    __use_two_region_memory                  0x0800042d   Thumb Code     2  heapauxi.o(.text)
    __rt_heap_escrow$2region                 0x0800042f   Thumb Code     2  heapauxi.o(.text)
    __rt_heap_expand$2region                 0x08000431   Thumb Code     2  heapauxi.o(.text)
    __aeabi_uldivmod                         0x08000433   Thumb Code     0  lludivv7m.o(.text)
    _ll_udiv                                 0x08000433   Thumb Code   238  lludivv7m.o(.text)
    __read_errno                             0x08000521   Thumb Code    10  _rserrno.o(.text)
    __set_errno                              0x0800052b   Thumb Code    12  _rserrno.o(.text)
    _printf_pre_padding                      0x08000537   Thumb Code    44  _printf_pad.o(.text)
    _printf_post_padding                     0x08000563   Thumb Code    34  _printf_pad.o(.text)
    _printf_truncate_signed                  0x08000585   Thumb Code    18  _printf_truncate.o(.text)
    _printf_truncate_unsigned                0x08000597   Thumb Code    18  _printf_truncate.o(.text)
    _printf_str                              0x080005a9   Thumb Code    82  _printf_str.o(.text)
    _printf_int_dec                          0x080005fd   Thumb Code   104  _printf_dec.o(.text)
    _printf_charcount                        0x08000675   Thumb Code    40  _printf_charcount.o(.text)
    _printf_char_common                      0x080006a7   Thumb Code    32  _printf_char_common.o(.text)
    _sputc                                   0x080006cd   Thumb Code    10  _sputc.o(.text)
    _printf_wctomb                           0x080006d9   Thumb Code   182  _printf_wctomb.o(.text)
    _printf_longlong_dec                     0x08000795   Thumb Code   108  _printf_longlong_dec.o(.text)
    _printf_longlong_oct                     0x08000811   Thumb Code    66  _printf_oct_int_ll.o(.text)
    _printf_int_oct                          0x08000853   Thumb Code    24  _printf_oct_int_ll.o(.text)
    _printf_ll_oct                           0x0800086b   Thumb Code    12  _printf_oct_int_ll.o(.text)
    _printf_longlong_hex                     0x08000881   Thumb Code    86  _printf_hex_int_ll_ptr.o(.text)
    _printf_int_hex                          0x080008d7   Thumb Code    28  _printf_hex_int_ll_ptr.o(.text)
    _printf_ll_hex                           0x080008f3   Thumb Code    12  _printf_hex_int_ll_ptr.o(.text)
    _printf_hex_ptr                          0x080008ff   Thumb Code    18  _printf_hex_int_ll_ptr.o(.text)
    __printf                                 0x08000915   Thumb Code   388  __printf_flags_ss_wp.o(.text)
    __aeabi_memclr                           0x08000a9d   Thumb Code     0  rt_memclr.o(.text)
    __rt_memclr                              0x08000a9d   Thumb Code    68  rt_memclr.o(.text)
    _memset                                  0x08000aa1   Thumb Code     0  rt_memclr.o(.text)
    __aeabi_errno_addr                       0x08000ae1   Thumb Code     8  rt_errno_addr_intlibspace.o(.text)
    __errno$intlibspace                      0x08000ae1   Thumb Code     0  rt_errno_addr_intlibspace.o(.text)
    __rt_errno_addr$intlibspace              0x08000ae1   Thumb Code     0  rt_errno_addr_intlibspace.o(.text)
    _ll_udiv10                               0x08000ae9   Thumb Code   138  lludiv10.o(.text)
    _printf_int_common                       0x08000b73   Thumb Code   178  _printf_intcommon.o(.text)
    __lib_sel_fp_printf                      0x08000c25   Thumb Code     2  _printf_fp_dec.o(.text)
    _printf_fp_dec_real                      0x08000dd7   Thumb Code   620  _printf_fp_dec.o(.text)
    _printf_fp_hex_real                      0x08001045   Thumb Code   756  _printf_fp_hex.o(.text)
    _printf_cs_common                        0x08001341   Thumb Code    20  _printf_char.o(.text)
    _printf_char                             0x08001355   Thumb Code    16  _printf_char.o(.text)
    _printf_string                           0x08001365   Thumb Code     8  _printf_char.o(.text)
    _printf_lcs_common                       0x0800136d   Thumb Code    20  _printf_wchar.o(.text)
    _printf_wchar                            0x08001381   Thumb Code    16  _printf_wchar.o(.text)
    _printf_wstring                          0x08001391   Thumb Code     8  _printf_wchar.o(.text)
    _wcrtomb                                 0x08001399   Thumb Code    64  _wcrtomb.o(.text)
    __aeabi_memclr4                          0x080013d9   Thumb Code     0  rt_memclr_w.o(.text)
    __aeabi_memclr8                          0x080013d9   Thumb Code     0  rt_memclr_w.o(.text)
    __rt_memclr_w                            0x080013d9   Thumb Code    78  rt_memclr_w.o(.text)
    _memset_w                                0x080013dd   Thumb Code     0  rt_memclr_w.o(.text)
    __user_libspace                          0x08001429   Thumb Code     8  libspace.o(.text)
    __user_perproc_libspace                  0x08001429   Thumb Code     0  libspace.o(.text)
    __user_perthread_libspace                0x08001429   Thumb Code     0  libspace.o(.text)
    __user_setup_stackheap                   0x08001431   Thumb Code    74  sys_stackheap_outer.o(.text)
    __rt_ctype_table                         0x0800147d   Thumb Code    16  rt_ctype_table.o(.text)
    __rt_locale                              0x0800148d   Thumb Code     8  rt_locale_intlibspace.o(.text)
    _printf_fp_infnan                        0x08001495   Thumb Code   112  _printf_fp_infnan.o(.text)
    _btod_etento                             0x08001515   Thumb Code   224  bigflt0.o(.text)
    exit                                     0x080015f9   Thumb Code    18  exit.o(.text)
    _sys_exit                                0x0800160d   Thumb Code     8  sys_exit.o(.text)
    __I$use$semihosting                      0x08001619   Thumb Code     0  use_no_semi.o(.text)
    __use_no_semihosting_swi                 0x08001619   Thumb Code     2  use_no_semi.o(.text)
    __semihosting_library_function           0x0800161b   Thumb Code     0  indicate_semi.o(.text)
    _btod_d2e                                0x0800161b   Thumb Code    62  btod.o(CL$$btod_d2e)
    _d2e_denorm_low                          0x08001659   Thumb Code    70  btod.o(CL$$btod_d2e_denorm_low)
    _d2e_norm_op1                            0x0800169f   Thumb Code    96  btod.o(CL$$btod_d2e_norm_op1)
    __btod_div_common                        0x080016ff   Thumb Code   696  btod.o(CL$$btod_div_common)
    _e2e                                     0x08001a37   Thumb Code   220  btod.o(CL$$btod_e2e)
    _btod_ediv                               0x08001b13   Thumb Code    42  btod.o(CL$$btod_ediv)
    _btod_emul                               0x08001b3d   Thumb Code    42  btod.o(CL$$btod_emul)
    __btod_mult_common                       0x08001b67   Thumb Code   580  btod.o(CL$$btod_mult_common)
    BusFault_Handler                         0x08001dab   Thumb Code     4  stm32f10x_it.o(i.BusFault_Handler)
    DebugMon_Handler                         0x08001daf   Thumb Code     2  stm32f10x_it.o(i.DebugMon_Handler)
    Delay_ms                                 0x08001db1   Thumb Code    24  delay.o(i.Delay_ms)
    Delay_us                                 0x08001dc9   Thumb Code    46  delay.o(i.Delay_us)
    GPIO_Init                                0x08001df7   Thumb Code   278  stm32f10x_gpio.o(i.GPIO_Init)
    GPIO_ReadInputDataBit                    0x08001f0d   Thumb Code    18  stm32f10x_gpio.o(i.GPIO_ReadInputDataBit)
    GPIO_SetBits                             0x08001f1f   Thumb Code     4  stm32f10x_gpio.o(i.GPIO_SetBits)
    GPIO_WriteBit                            0x08001f23   Thumb Code    10  stm32f10x_gpio.o(i.GPIO_WriteBit)
    HardFault_Handler                        0x08001f2d   Thumb Code     4  stm32f10x_it.o(i.HardFault_Handler)
    MPU6050_DMPInit                          0x08001f31   Thumb Code   260  mpu6050.o(i.MPU6050_DMPInit)
    MPU6050_ReadDMP                          0x080023ad   Thumb Code   604  mpu6050.o(i.MPU6050_ReadDMP)
    MPU6050_Read_Len                         0x08002635   Thumb Code   138  mpu6050.o(i.MPU6050_Read_Len)
    MPU6050_Write_Len                        0x080026bf   Thumb Code   106  mpu6050.o(i.MPU6050_Write_Len)
    MemManage_Handler                        0x08002729   Thumb Code     4  stm32f10x_it.o(i.MemManage_Handler)
    MyI2C_Init                               0x0800272d   Thumb Code    50  myi2c.o(i.MyI2C_Init)
    MyI2C_R_SDA                              0x08002765   Thumb Code    24  myi2c.o(i.MyI2C_R_SDA)
    MyI2C_ReceiveAck                         0x08002781   Thumb Code    30  myi2c.o(i.MyI2C_ReceiveAck)
    MyI2C_ReceiveByte                        0x0800279f   Thumb Code    52  myi2c.o(i.MyI2C_ReceiveByte)
    MyI2C_SendAck                            0x080027d3   Thumb Code    24  myi2c.o(i.MyI2C_SendAck)
    MyI2C_SendByte                           0x080027eb   Thumb Code    42  myi2c.o(i.MyI2C_SendByte)
    MyI2C_Start                              0x08002815   Thumb Code    28  myi2c.o(i.MyI2C_Start)
    MyI2C_Stop                               0x08002831   Thumb Code    22  myi2c.o(i.MyI2C_Stop)
    MyI2C_W_SCL                              0x08002849   Thumb Code    24  myi2c.o(i.MyI2C_W_SCL)
    MyI2C_W_SDA                              0x08002865   Thumb Code    24  myi2c.o(i.MyI2C_W_SDA)
    NMI_Handler                              0x08002881   Thumb Code     2  stm32f10x_it.o(i.NMI_Handler)
    NVIC_Init                                0x08002885   Thumb Code   100  misc.o(i.NVIC_Init)
    NVIC_PriorityGroupConfig                 0x080028f5   Thumb Code    10  misc.o(i.NVIC_PriorityGroupConfig)
    OLED_Clear                               0x08002909   Thumb Code    36  oled.o(i.OLED_Clear)
    OLED_ClearArea                           0x08002931   Thumb Code   140  oled.o(i.OLED_ClearArea)
    OLED_DrawLine                            0x08002e55   Thumb Code   374  oled.o(i.OLED_DrawLine)
    OLED_DrawPoint                           0x08002fcd   Thumb Code    76  oled.o(i.OLED_DrawPoint)
    OLED_GPIO_Init                           0x0800301d   Thumb Code   166  oled.o(i.OLED_GPIO_Init)
    OLED_Init                                0x080030cd   Thumb Code   154  oled.o(i.OLED_Init)
    OLED_Printf                              0x08003167   Thumb Code    50  oled.o(i.OLED_Printf)
    OLED_SPI_SendByte                        0x08003199   Thumb Code    50  oled.o(i.OLED_SPI_SendByte)
    OLED_SetCursor                           0x080031cb   Thumb Code    34  oled.o(i.OLED_SetCursor)
    OLED_ShowChar                            0x080031ed   Thumb Code    74  oled.o(i.OLED_ShowChar)
    OLED_ShowImage                           0x08003241   Thumb Code   248  oled.o(i.OLED_ShowImage)
    OLED_ShowString                          0x0800333d   Thumb Code   442  oled.o(i.OLED_ShowString)
    OLED_Update                              0x08003501   Thumb Code    36  oled.o(i.OLED_Update)
    OLED_W_CS                                0x08003529   Thumb Code    18  oled.o(i.OLED_W_CS)
    OLED_W_D0                                0x08003541   Thumb Code    18  oled.o(i.OLED_W_D0)
    OLED_W_D1                                0x08003559   Thumb Code    18  oled.o(i.OLED_W_D1)
    OLED_W_DC                                0x08003571   Thumb Code    18  oled.o(i.OLED_W_DC)
    OLED_W_RES                               0x08003589   Thumb Code    18  oled.o(i.OLED_W_RES)
    OLED_WriteCommand                        0x080035a1   Thumb Code    30  oled.o(i.OLED_WriteCommand)
    OLED_WriteData                           0x080035bf   Thumb Code    44  oled.o(i.OLED_WriteData)
    PendSV_Handler                           0x080035eb   Thumb Code     2  stm32f10x_it.o(i.PendSV_Handler)
    RCC_APB1PeriphClockCmd                   0x080035ed   Thumb Code    26  stm32f10x_rcc.o(i.RCC_APB1PeriphClockCmd)
    RCC_APB2PeriphClockCmd                   0x0800360d   Thumb Code    26  stm32f10x_rcc.o(i.RCC_APB2PeriphClockCmd)
    RCC_GetClocksFreq                        0x0800362d   Thumb Code   192  stm32f10x_rcc.o(i.RCC_GetClocksFreq)
    SVC_Handler                              0x08003701   Thumb Code     2  stm32f10x_it.o(i.SVC_Handler)
    Serial_Init                              0x08003705   Thumb Code   174  serial.o(i.Serial_Init)
    Serial_Printf                            0x080037bd   Thumb Code    36  serial.o(i.Serial_Printf)
    Serial_SendByte                          0x080037e1   Thumb Code    28  serial.o(i.Serial_SendByte)
    Serial_SendString                        0x08003801   Thumb Code    26  serial.o(i.Serial_SendString)
    SysTick_Handler                          0x08003905   Thumb Code     2  stm32f10x_it.o(i.SysTick_Handler)
    SystemInit                               0x08003909   Thumb Code    78  system_stm32f10x.o(i.SystemInit)
    TIM2_IRQHandler                          0x08003969   Thumb Code    34  main.o(i.TIM2_IRQHandler)
    TIM_ClearFlag                            0x08003999   Thumb Code     6  stm32f10x_tim.o(i.TIM_ClearFlag)
    TIM_ClearITPendingBit                    0x0800399f   Thumb Code     6  stm32f10x_tim.o(i.TIM_ClearITPendingBit)
    TIM_Cmd                                  0x080039a5   Thumb Code    24  stm32f10x_tim.o(i.TIM_Cmd)
    TIM_GetITStatus                          0x080039bd   Thumb Code    34  stm32f10x_tim.o(i.TIM_GetITStatus)
    TIM_ITConfig                             0x080039df   Thumb Code    18  stm32f10x_tim.o(i.TIM_ITConfig)
    TIM_InternalClockConfig                  0x080039f1   Thumb Code    12  stm32f10x_tim.o(i.TIM_InternalClockConfig)
    TIM_TimeBaseInit                         0x080039fd   Thumb Code   122  stm32f10x_tim.o(i.TIM_TimeBaseInit)
    Timer_Init                               0x08003aa1   Thumb Code   126  timer.o(i.Timer_Init)
    USART1_IRQHandler                        0x08003b21   Thumb Code    44  serial.o(i.USART1_IRQHandler)
    USART_ClearITPendingBit                  0x08003b59   Thumb Code    30  stm32f10x_usart.o(i.USART_ClearITPendingBit)
    USART_Cmd                                0x08003b77   Thumb Code    24  stm32f10x_usart.o(i.USART_Cmd)
    USART_GetFlagStatus                      0x08003b8f   Thumb Code    26  stm32f10x_usart.o(i.USART_GetFlagStatus)
    USART_GetITStatus                        0x08003ba9   Thumb Code    84  stm32f10x_usart.o(i.USART_GetITStatus)
    USART_ITConfig                           0x08003bfd   Thumb Code    74  stm32f10x_usart.o(i.USART_ITConfig)
    USART_Init                               0x08003c49   Thumb Code   210  stm32f10x_usart.o(i.USART_Init)
    USART_ReceiveData                        0x08003d21   Thumb Code    10  stm32f10x_usart.o(i.USART_ReceiveData)
    USART_SendData                           0x08003d2b   Thumb Code     8  stm32f10x_usart.o(i.USART_SendData)
    UsageFault_Handler                       0x08003d33   Thumb Code     4  stm32f10x_it.o(i.UsageFault_Handler)
    __ARM_fpclassify                         0x08003d37   Thumb Code    40  fpclassify.o(i.__ARM_fpclassify)
    __ARM_fpclassifyf                        0x08003d5f   Thumb Code    38  fpclassifyf.o(i.__ARM_fpclassifyf)
    __kernel_poly                            0x08003d85   Thumb Code   170  poly.o(i.__kernel_poly)
    __mathlib_dbl_infnan                     0x08003e2f   Thumb Code     6  dunder.o(i.__mathlib_dbl_infnan)
    __mathlib_dbl_infnan2                    0x08003e35   Thumb Code     4  dunder.o(i.__mathlib_dbl_infnan2)
    __mathlib_dbl_invalid                    0x08003e39   Thumb Code    12  dunder.o(i.__mathlib_dbl_invalid)
    __mathlib_dbl_underflow                  0x08003e45   Thumb Code    10  dunder.o(i.__mathlib_dbl_underflow)
    __mathlib_flt_infnan                     0x08003e55   Thumb Code     6  funder.o(i.__mathlib_flt_infnan)
    __mathlib_flt_invalid                    0x08003e5b   Thumb Code     8  funder.o(i.__mathlib_flt_invalid)
    __mathlib_flt_underflow                  0x08003e63   Thumb Code    10  funder.o(i.__mathlib_flt_underflow)
    __mathlib_rredf2                         0x08003e6d   Thumb Code   344  rredf.o(i.__mathlib_rredf2)
    _is_digit                                0x08003fd5   Thumb Code    14  __printf_wp.o(i._is_digit)
    asin                                     0x0800408d   Thumb Code   572  asin.o(i.asin)
    atan                                     0x080042fd   Thumb Code   474  atan.o(i.atan)
    atan2                                    0x0800451d   Thumb Code   346  atan2.o(i.atan2)
    cosf                                     0x0800469d   Thumb Code   328  cosf.o(i.cosf)
    dmp_enable_6x_lp_quat                    0x0800487d   Thumb Code    60  inv_mpu_dmp_motion_driver.o(i.dmp_enable_6x_lp_quat)
    dmp_enable_feature                       0x080048b9   Thumb Code   530  inv_mpu_dmp_motion_driver.o(i.dmp_enable_feature)
    dmp_enable_gyro_cal                      0x08004ad5   Thumb Code    62  inv_mpu_dmp_motion_driver.o(i.dmp_enable_gyro_cal)
    dmp_enable_lp_quat                       0x08004b2d   Thumb Code    60  inv_mpu_dmp_motion_driver.o(i.dmp_enable_lp_quat)
    dmp_load_motion_driver_firmware          0x08004b69   Thumb Code    20  inv_mpu_dmp_motion_driver.o(i.dmp_load_motion_driver_firmware)
    dmp_read_fifo                            0x08004b81   Thumb Code   456  inv_mpu_dmp_motion_driver.o(i.dmp_read_fifo)
    dmp_set_accel_bias                       0x08004d4d   Thumb Code   300  inv_mpu_dmp_motion_driver.o(i.dmp_set_accel_bias)
    dmp_set_fifo_rate                        0x08004e7d   Thumb Code    96  inv_mpu_dmp_motion_driver.o(i.dmp_set_fifo_rate)
    dmp_set_gyro_bias                        0x08004eed   Thumb Code   294  inv_mpu_dmp_motion_driver.o(i.dmp_set_gyro_bias)
    dmp_set_orientation                      0x0800501d   Thumb Code   290  inv_mpu_dmp_motion_driver.o(i.dmp_set_orientation)
    dmp_set_shake_reject_thresh              0x08005155   Thumb Code    56  inv_mpu_dmp_motion_driver.o(i.dmp_set_shake_reject_thresh)
    dmp_set_shake_reject_time                0x0800518d   Thumb Code    38  inv_mpu_dmp_motion_driver.o(i.dmp_set_shake_reject_time)
    dmp_set_shake_reject_timeout             0x080051b3   Thumb Code    38  inv_mpu_dmp_motion_driver.o(i.dmp_set_shake_reject_timeout)
    dmp_set_tap_axes                         0x080051d9   Thumb Code    70  inv_mpu_dmp_motion_driver.o(i.dmp_set_tap_axes)
    dmp_set_tap_count                        0x0800521f   Thumb Code    38  inv_mpu_dmp_motion_driver.o(i.dmp_set_tap_count)
    dmp_set_tap_thresh                       0x08005245   Thumb Code   396  inv_mpu_dmp_motion_driver.o(i.dmp_set_tap_thresh)
    dmp_set_tap_time                         0x080053e5   Thumb Code    38  inv_mpu_dmp_motion_driver.o(i.dmp_set_tap_time)
    dmp_set_tap_time_multi                   0x0800540b   Thumb Code    38  inv_mpu_dmp_motion_driver.o(i.dmp_set_tap_time_multi)
    inv_orientation_matrix_to_scalar         0x08005a65   Thumb Code    40  inv_mpu_dmp_motion_driver.o(i.inv_orientation_matrix_to_scalar)
    main                                     0x08005add   Thumb Code   190  main.o(i.main)
    mget_ms                                  0x08005be1   Thumb Code     2  inv_mpu.o(i.mget_ms)
    mpu_configure_fifo                       0x08005be5   Thumb Code   106  inv_mpu.o(i.mpu_configure_fifo)
    mpu_get_accel_fsr                        0x08005c55   Thumb Code    72  inv_mpu.o(i.mpu_get_accel_fsr)
    mpu_get_accel_sens                       0x08005ca1   Thumb Code    78  inv_mpu.o(i.mpu_get_accel_sens)
    mpu_get_fifo_config                      0x08005cf5   Thumb Code    12  inv_mpu.o(i.mpu_get_fifo_config)
    mpu_get_gyro_fsr                         0x08005d05   Thumb Code    64  inv_mpu.o(i.mpu_get_gyro_fsr)
    mpu_get_gyro_sens                        0x08005d49   Thumb Code    58  inv_mpu.o(i.mpu_get_gyro_sens)
    mpu_get_lpf                              0x08005d99   Thumb Code    74  inv_mpu.o(i.mpu_get_lpf)
    mpu_get_sample_rate                      0x08005de9   Thumb Code    26  inv_mpu.o(i.mpu_get_sample_rate)
    mpu_init                                 0x08005e09   Thumb Code   416  inv_mpu.o(i.mpu_init)
    mpu_load_firmware                        0x08005ff9   Thumb Code   180  inv_mpu.o(i.mpu_load_firmware)
    mpu_lp_accel_mode                        0x080060b1   Thumb Code   218  inv_mpu.o(i.mpu_lp_accel_mode)
    mpu_read_fifo_stream                     0x08006191   Thumb Code   186  inv_mpu.o(i.mpu_read_fifo_stream)
    mpu_read_mem                             0x08006251   Thumb Code   122  inv_mpu.o(i.mpu_read_mem)
    mpu_reset_fifo                           0x080062d1   Thumb Code   450  inv_mpu.o(i.mpu_reset_fifo)
    mpu_run_self_test                        0x08006499   Thumb Code   278  inv_mpu.o(i.mpu_run_self_test)
    mpu_set_accel_fsr                        0x080065b5   Thumb Code   126  inv_mpu.o(i.mpu_set_accel_fsr)
    mpu_set_bypass                           0x08006639   Thumb Code   328  inv_mpu.o(i.mpu_set_bypass)
    mpu_set_dmp_state                        0x08006785   Thumb Code   138  inv_mpu.o(i.mpu_set_dmp_state)
    mpu_set_gyro_fsr                         0x08006815   Thumb Code   132  inv_mpu.o(i.mpu_set_gyro_fsr)
    mpu_set_int_latched                      0x0800689d   Thumb Code   102  inv_mpu.o(i.mpu_set_int_latched)
    mpu_set_lpf                              0x08006909   Thumb Code   126  inv_mpu.o(i.mpu_set_lpf)
    mpu_set_sample_rate                      0x0800698d   Thumb Code   152  inv_mpu.o(i.mpu_set_sample_rate)
    mpu_set_sensors                          0x08006a29   Thumb Code   202  inv_mpu.o(i.mpu_set_sensors)
    mpu_write_mem                            0x08006af9   Thumb Code   122  inv_mpu.o(i.mpu_write_mem)
    run_self_test                            0x08006b79   Thumb Code   148  inv_mpu_dmp_motion_driver.o(i.run_self_test)
    sinf                                     0x08006c9d   Thumb Code   338  sinf.o(i.sinf)
    sqrt                                     0x08006e25   Thumb Code    76  sqrt.o(i.sqrt)
    sqrtf                                    0x08006e71   Thumb Code    44  sqrtf.o(i.sqrtf)
    _get_lc_numeric                          0x08006e9d   Thumb Code    44  lc_numeric_c.o(locale$$code)
    _get_lc_ctype                            0x08006ec9   Thumb Code    44  lc_ctype_c.o(locale$$code)
    __aeabi_d2f                              0x08006ef5   Thumb Code     0  d2f.o(x$fpl$d2f)
    _d2f                                     0x08006ef5   Thumb Code    98  d2f.o(x$fpl$d2f)
    __aeabi_dadd                             0x08006f59   Thumb Code     0  daddsub_clz.o(x$fpl$dadd)
    _dadd                                    0x08006f59   Thumb Code   332  daddsub_clz.o(x$fpl$dadd)
    __fpl_dcheck_NaN1                        0x080070a9   Thumb Code    10  dcheck1.o(x$fpl$dcheck1)
    __aeabi_ddiv                             0x080070b9   Thumb Code     0  ddiv.o(x$fpl$ddiv)
    _ddiv                                    0x080070b9   Thumb Code   552  ddiv.o(x$fpl$ddiv)
    __aeabi_dmul                             0x08007369   Thumb Code     0  dmul.o(x$fpl$dmul)
    _dmul                                    0x08007369   Thumb Code   332  dmul.o(x$fpl$dmul)
    __fpl_dnaninf                            0x080074bd   Thumb Code   156  dnaninf.o(x$fpl$dnaninf)
    __fpl_dretinf                            0x08007559   Thumb Code    12  dretinf.o(x$fpl$dretinf)
    __aeabi_drsub                            0x08007565   Thumb Code     0  daddsub_clz.o(x$fpl$drsb)
    _drsb                                    0x08007565   Thumb Code    22  daddsub_clz.o(x$fpl$drsb)
    _dsqrt                                   0x0800757d   Thumb Code   456  dsqrt_noumaal.o(x$fpl$dsqrt)
    __aeabi_dsub                             0x08007749   Thumb Code     0  daddsub_clz.o(x$fpl$dsub)
    _dsub                                    0x08007749   Thumb Code   464  daddsub_clz.o(x$fpl$dsub)
    __aeabi_f2d                              0x0800791d   Thumb Code     0  f2d.o(x$fpl$f2d)
    _f2d                                     0x0800791d   Thumb Code    86  f2d.o(x$fpl$f2d)
    __aeabi_fadd                             0x08007975   Thumb Code     0  faddsub_clz.o(x$fpl$fadd)
    _fadd                                    0x08007975   Thumb Code   196  faddsub_clz.o(x$fpl$fadd)
    __fpl_fcheck_NaN1                        0x08007a39   Thumb Code     6  fcheck1.o(x$fpl$fcheck1)
    __fpl_fcmp_Inf                           0x08007a45   Thumb Code    24  fcmpi.o(x$fpl$fcmpinf)
    __aeabi_fdiv                             0x08007a5d   Thumb Code     0  fdiv.o(x$fpl$fdiv)
    _fdiv                                    0x08007a5d   Thumb Code   384  fdiv.o(x$fpl$fdiv)
    __aeabi_cfcmpeq                          0x08007be1   Thumb Code     0  feqf.o(x$fpl$feqf)
    _fcmpeq                                  0x08007be1   Thumb Code   104  feqf.o(x$fpl$feqf)
    __aeabi_f2iz                             0x08007c49   Thumb Code     0  ffix.o(x$fpl$ffix)
    _ffix                                    0x08007c49   Thumb Code    54  ffix.o(x$fpl$ffix)
    __aeabi_f2uiz                            0x08007c81   Thumb Code     0  ffixu.o(x$fpl$ffixu)
    _ffixu                                   0x08007c81   Thumb Code    62  ffixu.o(x$fpl$ffixu)
    __aeabi_i2f                              0x08007cc1   Thumb Code     0  fflt_clz.o(x$fpl$fflt)
    _fflt                                    0x08007cc1   Thumb Code    48  fflt_clz.o(x$fpl$fflt)
    __aeabi_ui2f                             0x08007cf1   Thumb Code     0  fflt_clz.o(x$fpl$ffltu)
    _ffltu                                   0x08007cf1   Thumb Code    38  fflt_clz.o(x$fpl$ffltu)
    __aeabi_cfcmple                          0x08007d19   Thumb Code     0  fleqf.o(x$fpl$fleqf)
    _fcmple                                  0x08007d19   Thumb Code   104  fleqf.o(x$fpl$fleqf)
    __fpl_fcmple_InfNaN                      0x08007d6b   Thumb Code     0  fleqf.o(x$fpl$fleqf)
    __aeabi_fmul                             0x08007d81   Thumb Code     0  fmul.o(x$fpl$fmul)
    _fmul                                    0x08007d81   Thumb Code   258  fmul.o(x$fpl$fmul)
    __fpl_fnaninf                            0x08007e83   Thumb Code   140  fnaninf.o(x$fpl$fnaninf)
    __fpl_fretinf                            0x08007f0f   Thumb Code    10  fretinf.o(x$fpl$fretinf)
    __aeabi_cfrcmple                         0x08007f19   Thumb Code     0  frleqf.o(x$fpl$frleqf)
    _frcmple                                 0x08007f19   Thumb Code    98  frleqf.o(x$fpl$frleqf)
    _frnd                                    0x08007f7d   Thumb Code    96  frnd.o(x$fpl$frnd)
    __aeabi_frsub                            0x08007fdd   Thumb Code     0  faddsub_clz.o(x$fpl$frsb)
    _frsb                                    0x08007fdd   Thumb Code    20  faddsub_clz.o(x$fpl$frsb)
    _fsqrt                                   0x08007ff1   Thumb Code   272  fsqrt.o(x$fpl$fsqrt)
    __aeabi_fsub                             0x08008101   Thumb Code     0  faddsub_clz.o(x$fpl$fsub)
    _fsub                                    0x08008101   Thumb Code   234  faddsub_clz.o(x$fpl$fsub)
    _printf_fp_dec                           0x080081eb   Thumb Code     4  printf1.o(x$fpl$printf1)
    _printf_fp_hex                           0x080081ef   Thumb Code     4  printf2.o(x$fpl$printf2)
    __fpl_return_NaN                         0x080081f3   Thumb Code   100  retnan.o(x$fpl$retnan)
    __ARM_scalbn                             0x08008257   Thumb Code    92  scalbn.o(x$fpl$scalbn)
    __ARM_scalbnf                            0x080082b3   Thumb Code    76  scalbnf.o(x$fpl$scalbnf)
    __fpl_cmpreturn                          0x080082ff   Thumb Code    48  trapv.o(x$fpl$trapveneer)
    __I$use$fp                               0x0800832e   Number         0  usenofp.o(x$fpl$usenofp)
    reg                                      0x08008330   Data          30  inv_mpu.o(.constdata)
    hw                                       0x0800834e   Data          12  inv_mpu.o(.constdata)
    test                                     0x0800835c   Data          40  inv_mpu.o(.constdata)
    OLED_F8x16                               0x08008f7a   Data        1520  oled_data.o(.constdata)
    OLED_F6x8                                0x0800956a   Data         570  oled_data.o(.constdata)
    OLED_CF16x16                             0x080097a4   Data         259  oled_data.o(.constdata)
    Diode                                    0x080098a7   Data          32  oled_data.o(.constdata)
    __mathlib_zero                           0x08009a20   Data           8  qnan.o(.constdata)
    Region$$Table$$Base                      0x08009b54   Number         0  anon$$obj.o(Region$$Table)
    Region$$Table$$Limit                     0x08009b74   Number         0  anon$$obj.o(Region$$Table)
    __ctype                                  0x08009b9d   Data           0  lc_ctype_c.o(locale$$data)
    q0                                       0x20000020   Data           4  mpu6050.o(.data)
    q1                                       0x20000024   Data           4  mpu6050.o(.data)
    q2                                       0x20000028   Data           4  mpu6050.o(.data)
    q3                                       0x2000002c   Data           4  mpu6050.o(.data)
    sensor_timestamp                         0x20000030   Data           4  mpu6050.o(.data)
    gyro                                     0x20000034   Data           6  mpu6050.o(.data)
    accel                                    0x2000003a   Data           6  mpu6050.o(.data)
    sensors                                  0x20000040   Data           2  mpu6050.o(.data)
    more                                     0x20000042   Data           1  mpu6050.o(.data)
    Serial_RxData                            0x20000043   Data           1  serial.o(.data)
    Serial_RxFlag                            0x20000044   Data           1  serial.o(.data)
    Pitch                                    0x20000074   Data           4  main.o(.data)
    Roll                                     0x20000078   Data           4  main.o(.data)
    Yaw                                      0x2000007c   Data           4  main.o(.data)
    quat                                     0x20000080   Data          16  mpu6050.o(.bss)
    OLED_DisplayBuf                          0x200000a0   Data        1024  oled.o(.bss)
    __libspace_start                         0x200004a0   Data          96  libspace.o(.bss)
    __temporary_stack_top$libspace           0x20000500   Data           0  libspace.o(.bss)



==============================================================================

Memory Map of the image

  Image Entry point : 0x080000ed

  Load Region LR_IROM1 (Base: 0x08000000, Size: 0x00009d20, Max: 0x00010000, ABSOLUTE)

    Execution Region ER_IROM1 (Exec base: 0x08000000, Load base: 0x08000000, Size: 0x00009ca0, Max: 0x00010000, ABSOLUTE)

    Exec Addr    Load Addr    Size         Type   Attr      Idx    E Section Name        Object

    0x08000000   0x08000000   0x000000ec   Data   RO            3    RESET               startup_stm32f10x_md.o
    0x080000ec   0x080000ec   0x00000008   Code   RO         4442  * !!!main             c_w.l(__main.o)
    0x080000f4   0x080000f4   0x00000034   Code   RO         4980    !!!scatter          c_w.l(__scatter.o)
    0x08000128   0x08000128   0x0000001a   Code   RO         4982    !!handler_copy      c_w.l(__scatter_copy.o)
    0x08000142   0x08000142   0x00000002   PAD
    0x08000144   0x08000144   0x0000001c   Code   RO         4984    !!handler_zi        c_w.l(__scatter_zi.o)
    0x08000160   0x08000160   0x00000000   Code   RO         4640    .ARM.Collect$$_printf_percent$$00000000  c_w.l(_printf_percent.o)
    0x08000160   0x08000160   0x00000006   Code   RO         4629    .ARM.Collect$$_printf_percent$$00000001  c_w.l(_printf_n.o)
    0x08000166   0x08000166   0x00000006   Code   RO         4631    .ARM.Collect$$_printf_percent$$00000002  c_w.l(_printf_p.o)
    0x0800016c   0x0800016c   0x00000006   Code   RO         4636    .ARM.Collect$$_printf_percent$$00000003  c_w.l(_printf_f.o)
    0x08000172   0x08000172   0x00000006   Code   RO         4637    .ARM.Collect$$_printf_percent$$00000004  c_w.l(_printf_e.o)
    0x08000178   0x08000178   0x00000006   Code   RO         4638    .ARM.Collect$$_printf_percent$$00000005  c_w.l(_printf_g.o)
    0x0800017e   0x0800017e   0x00000006   Code   RO         4639    .ARM.Collect$$_printf_percent$$00000006  c_w.l(_printf_a.o)
    0x08000184   0x08000184   0x0000000a   Code   RO         4644    .ARM.Collect$$_printf_percent$$00000007  c_w.l(_printf_ll.o)
    0x0800018e   0x0800018e   0x00000006   Code   RO         4633    .ARM.Collect$$_printf_percent$$00000008  c_w.l(_printf_i.o)
    0x08000194   0x08000194   0x00000006   Code   RO         4634    .ARM.Collect$$_printf_percent$$00000009  c_w.l(_printf_d.o)
    0x0800019a   0x0800019a   0x00000006   Code   RO         4635    .ARM.Collect$$_printf_percent$$0000000A  c_w.l(_printf_u.o)
    0x080001a0   0x080001a0   0x00000006   Code   RO         4632    .ARM.Collect$$_printf_percent$$0000000B  c_w.l(_printf_o.o)
    0x080001a6   0x080001a6   0x00000006   Code   RO         4630    .ARM.Collect$$_printf_percent$$0000000C  c_w.l(_printf_x.o)
    0x080001ac   0x080001ac   0x00000006   Code   RO         4641    .ARM.Collect$$_printf_percent$$0000000D  c_w.l(_printf_lli.o)
    0x080001b2   0x080001b2   0x00000006   Code   RO         4642    .ARM.Collect$$_printf_percent$$0000000E  c_w.l(_printf_lld.o)
    0x080001b8   0x080001b8   0x00000006   Code   RO         4643    .ARM.Collect$$_printf_percent$$0000000F  c_w.l(_printf_llu.o)
    0x080001be   0x080001be   0x00000006   Code   RO         4648    .ARM.Collect$$_printf_percent$$00000010  c_w.l(_printf_llo.o)
    0x080001c4   0x080001c4   0x00000006   Code   RO         4649    .ARM.Collect$$_printf_percent$$00000011  c_w.l(_printf_llx.o)
    0x080001ca   0x080001ca   0x0000000a   Code   RO         4645    .ARM.Collect$$_printf_percent$$00000012  c_w.l(_printf_l.o)
    0x080001d4   0x080001d4   0x00000006   Code   RO         4627    .ARM.Collect$$_printf_percent$$00000013  c_w.l(_printf_c.o)
    0x080001da   0x080001da   0x00000006   Code   RO         4628    .ARM.Collect$$_printf_percent$$00000014  c_w.l(_printf_s.o)
    0x080001e0   0x080001e0   0x00000006   Code   RO         4646    .ARM.Collect$$_printf_percent$$00000015  c_w.l(_printf_lc.o)
    0x080001e6   0x080001e6   0x00000006   Code   RO         4647    .ARM.Collect$$_printf_percent$$00000016  c_w.l(_printf_ls.o)
    0x080001ec   0x080001ec   0x00000004   Code   RO         4776    .ARM.Collect$$_printf_percent$$00000017  c_w.l(_printf_percent_end.o)
    0x080001f0   0x080001f0   0x00000002   Code   RO         4838    .ARM.Collect$$libinit$$00000000  c_w.l(libinit.o)
    0x080001f2   0x080001f2   0x00000000   Code   RO         4855    .ARM.Collect$$libinit$$00000002  c_w.l(libinit2.o)
    0x080001f2   0x080001f2   0x00000000   Code   RO         4857    .ARM.Collect$$libinit$$00000004  c_w.l(libinit2.o)
    0x080001f2   0x080001f2   0x00000000   Code   RO         4860    .ARM.Collect$$libinit$$0000000A  c_w.l(libinit2.o)
    0x080001f2   0x080001f2   0x00000000   Code   RO         4862    .ARM.Collect$$libinit$$0000000C  c_w.l(libinit2.o)
    0x080001f2   0x080001f2   0x00000000   Code   RO         4864    .ARM.Collect$$libinit$$0000000E  c_w.l(libinit2.o)
    0x080001f2   0x080001f2   0x00000006   Code   RO         4865    .ARM.Collect$$libinit$$0000000F  c_w.l(libinit2.o)
    0x080001f8   0x080001f8   0x00000000   Code   RO         4867    .ARM.Collect$$libinit$$00000011  c_w.l(libinit2.o)
    0x080001f8   0x080001f8   0x0000000c   Code   RO         4868    .ARM.Collect$$libinit$$00000012  c_w.l(libinit2.o)
    0x08000204   0x08000204   0x00000000   Code   RO         4869    .ARM.Collect$$libinit$$00000013  c_w.l(libinit2.o)
    0x08000204   0x08000204   0x00000000   Code   RO         4871    .ARM.Collect$$libinit$$00000015  c_w.l(libinit2.o)
    0x08000204   0x08000204   0x0000000a   Code   RO         4872    .ARM.Collect$$libinit$$00000016  c_w.l(libinit2.o)
    0x0800020e   0x0800020e   0x00000000   Code   RO         4873    .ARM.Collect$$libinit$$00000017  c_w.l(libinit2.o)
    0x0800020e   0x0800020e   0x00000000   Code   RO         4875    .ARM.Collect$$libinit$$00000019  c_w.l(libinit2.o)
    0x0800020e   0x0800020e   0x00000000   Code   RO         4877    .ARM.Collect$$libinit$$0000001B  c_w.l(libinit2.o)
    0x0800020e   0x0800020e   0x00000000   Code   RO         4879    .ARM.Collect$$libinit$$0000001D  c_w.l(libinit2.o)
    0x0800020e   0x0800020e   0x00000000   Code   RO         4881    .ARM.Collect$$libinit$$0000001F  c_w.l(libinit2.o)
    0x0800020e   0x0800020e   0x00000000   Code   RO         4883    .ARM.Collect$$libinit$$00000021  c_w.l(libinit2.o)
    0x0800020e   0x0800020e   0x00000000   Code   RO         4885    .ARM.Collect$$libinit$$00000023  c_w.l(libinit2.o)
    0x0800020e   0x0800020e   0x00000000   Code   RO         4887    .ARM.Collect$$libinit$$00000025  c_w.l(libinit2.o)
    0x0800020e   0x0800020e   0x00000000   Code   RO         4891    .ARM.Collect$$libinit$$0000002C  c_w.l(libinit2.o)
    0x0800020e   0x0800020e   0x00000000   Code   RO         4893    .ARM.Collect$$libinit$$0000002E  c_w.l(libinit2.o)
    0x0800020e   0x0800020e   0x00000000   Code   RO         4895    .ARM.Collect$$libinit$$00000030  c_w.l(libinit2.o)
    0x0800020e   0x0800020e   0x00000000   Code   RO         4897    .ARM.Collect$$libinit$$00000032  c_w.l(libinit2.o)
    0x0800020e   0x0800020e   0x00000002   Code   RO         4898    .ARM.Collect$$libinit$$00000033  c_w.l(libinit2.o)
    0x08000210   0x08000210   0x00000002   Code   RO         4930    .ARM.Collect$$libshutdown$$00000000  c_w.l(libshutdown.o)
    0x08000212   0x08000212   0x00000000   Code   RO         4947    .ARM.Collect$$libshutdown$$00000002  c_w.l(libshutdown2.o)
    0x08000212   0x08000212   0x00000000   Code   RO         4949    .ARM.Collect$$libshutdown$$00000004  c_w.l(libshutdown2.o)
    0x08000212   0x08000212   0x00000000   Code   RO         4952    .ARM.Collect$$libshutdown$$00000007  c_w.l(libshutdown2.o)
    0x08000212   0x08000212   0x00000000   Code   RO         4955    .ARM.Collect$$libshutdown$$0000000A  c_w.l(libshutdown2.o)
    0x08000212   0x08000212   0x00000000   Code   RO         4957    .ARM.Collect$$libshutdown$$0000000C  c_w.l(libshutdown2.o)
    0x08000212   0x08000212   0x00000000   Code   RO         4960    .ARM.Collect$$libshutdown$$0000000F  c_w.l(libshutdown2.o)
    0x08000212   0x08000212   0x00000002   Code   RO         4961    .ARM.Collect$$libshutdown$$00000010  c_w.l(libshutdown2.o)
    0x08000214   0x08000214   0x00000000   Code   RO         4554    .ARM.Collect$$rtentry$$00000000  c_w.l(__rtentry.o)
    0x08000214   0x08000214   0x00000000   Code   RO         4738    .ARM.Collect$$rtentry$$00000002  c_w.l(__rtentry2.o)
    0x08000214   0x08000214   0x00000006   Code   RO         4750    .ARM.Collect$$rtentry$$00000004  c_w.l(__rtentry4.o)
    0x0800021a   0x0800021a   0x00000000   Code   RO         4740    .ARM.Collect$$rtentry$$00000009  c_w.l(__rtentry2.o)
    0x0800021a   0x0800021a   0x00000004   Code   RO         4741    .ARM.Collect$$rtentry$$0000000A  c_w.l(__rtentry2.o)
    0x0800021e   0x0800021e   0x00000000   Code   RO         4743    .ARM.Collect$$rtentry$$0000000C  c_w.l(__rtentry2.o)
    0x0800021e   0x0800021e   0x00000008   Code   RO         4744    .ARM.Collect$$rtentry$$0000000D  c_w.l(__rtentry2.o)
    0x08000226   0x08000226   0x00000002   Code   RO         4845    .ARM.Collect$$rtexit$$00000000  c_w.l(rtexit.o)
    0x08000228   0x08000228   0x00000000   Code   RO         4902    .ARM.Collect$$rtexit$$00000002  c_w.l(rtexit2.o)
    0x08000228   0x08000228   0x00000004   Code   RO         4903    .ARM.Collect$$rtexit$$00000003  c_w.l(rtexit2.o)
    0x0800022c   0x0800022c   0x00000006   Code   RO         4904    .ARM.Collect$$rtexit$$00000004  c_w.l(rtexit2.o)
    0x08000232   0x08000232   0x00000002   PAD
    0x08000234   0x08000234   0x00000040   Code   RO            4    .text               startup_stm32f10x_md.o
    0x08000274   0x08000274   0x00000048   Code   RO         4428    .text               c_w.l(llsdiv.o)
    0x080002bc   0x080002bc   0x00000024   Code   RO         4430    .text               c_w.l(vsprintf.o)
    0x080002e0   0x080002e0   0x00000058   Code   RO         4432    .text               c_w.l(memcmp.o)
    0x08000338   0x08000338   0x00000064   Code   RO         4434    .text               c_w.l(rt_memcpy_w.o)
    0x0800039c   0x0800039c   0x00000010   Code   RO         4436    .text               c_w.l(aeabi_memset.o)
    0x080003ac   0x080003ac   0x00000080   Code   RO         4438    .text               c_w.l(strcmpv7m.o)
    0x0800042c   0x0800042c   0x00000006   Code   RO         4440    .text               c_w.l(heapauxi.o)
    0x08000432   0x08000432   0x000000ee   Code   RO         4555    .text               c_w.l(lludivv7m.o)
    0x08000520   0x08000520   0x00000016   Code   RO         4557    .text               c_w.l(_rserrno.o)
    0x08000536   0x08000536   0x0000004e   Code   RO         4561    .text               c_w.l(_printf_pad.o)
    0x08000584   0x08000584   0x00000024   Code   RO         4563    .text               c_w.l(_printf_truncate.o)
    0x080005a8   0x080005a8   0x00000052   Code   RO         4565    .text               c_w.l(_printf_str.o)
    0x080005fa   0x080005fa   0x00000002   PAD
    0x080005fc   0x080005fc   0x00000078   Code   RO         4567    .text               c_w.l(_printf_dec.o)
    0x08000674   0x08000674   0x00000028   Code   RO         4569    .text               c_w.l(_printf_charcount.o)
    0x0800069c   0x0800069c   0x00000030   Code   RO         4571    .text               c_w.l(_printf_char_common.o)
    0x080006cc   0x080006cc   0x0000000a   Code   RO         4573    .text               c_w.l(_sputc.o)
    0x080006d6   0x080006d6   0x00000002   PAD
    0x080006d8   0x080006d8   0x000000bc   Code   RO         4575    .text               c_w.l(_printf_wctomb.o)
    0x08000794   0x08000794   0x0000007c   Code   RO         4578    .text               c_w.l(_printf_longlong_dec.o)
    0x08000810   0x08000810   0x00000070   Code   RO         4584    .text               c_w.l(_printf_oct_int_ll.o)
    0x08000880   0x08000880   0x00000094   Code   RO         4604    .text               c_w.l(_printf_hex_int_ll_ptr.o)
    0x08000914   0x08000914   0x00000188   Code   RO         4624    .text               c_w.l(__printf_flags_ss_wp.o)
    0x08000a9c   0x08000a9c   0x00000044   Code   RO         4650    .text               c_w.l(rt_memclr.o)
    0x08000ae0   0x08000ae0   0x00000008   Code   RO         4759    .text               c_w.l(rt_errno_addr_intlibspace.o)
    0x08000ae8   0x08000ae8   0x0000008a   Code   RO         4761    .text               c_w.l(lludiv10.o)
    0x08000b72   0x08000b72   0x000000b2   Code   RO         4763    .text               c_w.l(_printf_intcommon.o)
    0x08000c24   0x08000c24   0x0000041e   Code   RO         4765    .text               c_w.l(_printf_fp_dec.o)
    0x08001042   0x08001042   0x00000002   PAD
    0x08001044   0x08001044   0x000002fc   Code   RO         4767    .text               c_w.l(_printf_fp_hex.o)
    0x08001340   0x08001340   0x0000002c   Code   RO         4772    .text               c_w.l(_printf_char.o)
    0x0800136c   0x0800136c   0x0000002c   Code   RO         4774    .text               c_w.l(_printf_wchar.o)
    0x08001398   0x08001398   0x00000040   Code   RO         4777    .text               c_w.l(_wcrtomb.o)
    0x080013d8   0x080013d8   0x0000004e   Code   RO         4779    .text               c_w.l(rt_memclr_w.o)
    0x08001426   0x08001426   0x00000002   PAD
    0x08001428   0x08001428   0x00000008   Code   RO         4787    .text               c_w.l(libspace.o)
    0x08001430   0x08001430   0x0000004a   Code   RO         4790    .text               c_w.l(sys_stackheap_outer.o)
    0x0800147a   0x0800147a   0x00000002   PAD
    0x0800147c   0x0800147c   0x00000010   Code   RO         4792    .text               c_w.l(rt_ctype_table.o)
    0x0800148c   0x0800148c   0x00000008   Code   RO         4799    .text               c_w.l(rt_locale_intlibspace.o)
    0x08001494   0x08001494   0x00000080   Code   RO         4801    .text               c_w.l(_printf_fp_infnan.o)
    0x08001514   0x08001514   0x000000e4   Code   RO         4803    .text               c_w.l(bigflt0.o)
    0x080015f8   0x080015f8   0x00000012   Code   RO         4831    .text               c_w.l(exit.o)
    0x0800160a   0x0800160a   0x00000002   PAD
    0x0800160c   0x0800160c   0x0000000c   Code   RO         4918    .text               c_w.l(sys_exit.o)
    0x08001618   0x08001618   0x00000002   Code   RO         4935    .text               c_w.l(use_no_semi.o)
    0x0800161a   0x0800161a   0x00000000   Code   RO         4937    .text               c_w.l(indicate_semi.o)
    0x0800161a   0x0800161a   0x0000003e   Code   RO         4806    CL$$btod_d2e        c_w.l(btod.o)
    0x08001658   0x08001658   0x00000046   Code   RO         4808    CL$$btod_d2e_denorm_low  c_w.l(btod.o)
    0x0800169e   0x0800169e   0x00000060   Code   RO         4807    CL$$btod_d2e_norm_op1  c_w.l(btod.o)
    0x080016fe   0x080016fe   0x00000338   Code   RO         4816    CL$$btod_div_common  c_w.l(btod.o)
    0x08001a36   0x08001a36   0x000000dc   Code   RO         4813    CL$$btod_e2e        c_w.l(btod.o)
    0x08001b12   0x08001b12   0x0000002a   Code   RO         4810    CL$$btod_ediv       c_w.l(btod.o)
    0x08001b3c   0x08001b3c   0x0000002a   Code   RO         4809    CL$$btod_emul       c_w.l(btod.o)
    0x08001b66   0x08001b66   0x00000244   Code   RO         4815    CL$$btod_mult_common  c_w.l(btod.o)
    0x08001daa   0x08001daa   0x00000004   Code   RO         4363    i.BusFault_Handler  stm32f10x_it.o
    0x08001dae   0x08001dae   0x00000002   Code   RO         4364    i.DebugMon_Handler  stm32f10x_it.o
    0x08001db0   0x08001db0   0x00000018   Code   RO         3196    i.Delay_ms          delay.o
    0x08001dc8   0x08001dc8   0x0000002e   Code   RO         3198    i.Delay_us          delay.o
    0x08001df6   0x08001df6   0x00000116   Code   RO         1347    i.GPIO_Init         stm32f10x_gpio.o
    0x08001f0c   0x08001f0c   0x00000012   Code   RO         1351    i.GPIO_ReadInputDataBit  stm32f10x_gpio.o
    0x08001f1e   0x08001f1e   0x00000004   Code   RO         1355    i.GPIO_SetBits      stm32f10x_gpio.o
    0x08001f22   0x08001f22   0x0000000a   Code   RO         1358    i.GPIO_WriteBit     stm32f10x_gpio.o
    0x08001f2c   0x08001f2c   0x00000004   Code   RO         4365    i.HardFault_Handler  stm32f10x_it.o
    0x08001f30   0x08001f30   0x0000047c   Code   RO         3394    i.MPU6050_DMPInit   mpu6050.o
    0x080023ac   0x080023ac   0x00000288   Code   RO         3398    i.MPU6050_ReadDMP   mpu6050.o
    0x08002634   0x08002634   0x0000008a   Code   RO         3400    i.MPU6050_Read_Len  mpu6050.o
    0x080026be   0x080026be   0x0000006a   Code   RO         3402    i.MPU6050_Write_Len  mpu6050.o
    0x08002728   0x08002728   0x00000004   Code   RO         4366    i.MemManage_Handler  stm32f10x_it.o
    0x0800272c   0x0800272c   0x00000038   Code   RO         3325    i.MyI2C_Init        myi2c.o
    0x08002764   0x08002764   0x0000001c   Code   RO         3326    i.MyI2C_R_SDA       myi2c.o
    0x08002780   0x08002780   0x0000001e   Code   RO         3327    i.MyI2C_ReceiveAck  myi2c.o
    0x0800279e   0x0800279e   0x00000034   Code   RO         3328    i.MyI2C_ReceiveByte  myi2c.o
    0x080027d2   0x080027d2   0x00000018   Code   RO         3329    i.MyI2C_SendAck     myi2c.o
    0x080027ea   0x080027ea   0x0000002a   Code   RO         3330    i.MyI2C_SendByte    myi2c.o
    0x08002814   0x08002814   0x0000001c   Code   RO         3331    i.MyI2C_Start       myi2c.o
    0x08002830   0x08002830   0x00000016   Code   RO         3332    i.MyI2C_Stop        myi2c.o
    0x08002846   0x08002846   0x00000002   PAD
    0x08002848   0x08002848   0x0000001c   Code   RO         3333    i.MyI2C_W_SCL       myi2c.o
    0x08002864   0x08002864   0x0000001c   Code   RO         3334    i.MyI2C_W_SDA       myi2c.o
    0x08002880   0x08002880   0x00000002   Code   RO         4367    i.NMI_Handler       stm32f10x_it.o
    0x08002882   0x08002882   0x00000002   PAD
    0x08002884   0x08002884   0x00000070   Code   RO          137    i.NVIC_Init         misc.o
    0x080028f4   0x080028f4   0x00000014   Code   RO          138    i.NVIC_PriorityGroupConfig  misc.o
    0x08002908   0x08002908   0x00000028   Code   RO         4069    i.OLED_Clear        oled.o
    0x08002930   0x08002930   0x00000090   Code   RO         4070    i.OLED_ClearArea    oled.o
    0x080029c0   0x080029c0   0x00000494   Code   RO         4326    i.OLED_Draw3DAxes   main.o
    0x08002e54   0x08002e54   0x00000176   Code   RO         4074    i.OLED_DrawLine     oled.o
    0x08002fca   0x08002fca   0x00000002   PAD
    0x08002fcc   0x08002fcc   0x00000050   Code   RO         4075    i.OLED_DrawPoint    oled.o
    0x0800301c   0x0800301c   0x000000b0   Code   RO         4078    i.OLED_GPIO_Init    oled.o
    0x080030cc   0x080030cc   0x0000009a   Code   RO         4080    i.OLED_Init         oled.o
    0x08003166   0x08003166   0x00000032   Code   RO         4083    i.OLED_Printf       oled.o
    0x08003198   0x08003198   0x00000032   Code   RO         4086    i.OLED_SPI_SendByte  oled.o
    0x080031ca   0x080031ca   0x00000022   Code   RO         4087    i.OLED_SetCursor    oled.o
    0x080031ec   0x080031ec   0x00000054   Code   RO         4089    i.OLED_ShowChar     oled.o
    0x08003240   0x08003240   0x000000fc   Code   RO         4092    i.OLED_ShowImage    oled.o
    0x0800333c   0x0800333c   0x000001c4   Code   RO         4095    i.OLED_ShowString   oled.o
    0x08003500   0x08003500   0x00000028   Code   RO         4096    i.OLED_Update       oled.o
    0x08003528   0x08003528   0x00000018   Code   RO         4098    i.OLED_W_CS         oled.o
    0x08003540   0x08003540   0x00000018   Code   RO         4099    i.OLED_W_D0         oled.o
    0x08003558   0x08003558   0x00000018   Code   RO         4100    i.OLED_W_D1         oled.o
    0x08003570   0x08003570   0x00000018   Code   RO         4101    i.OLED_W_DC         oled.o
    0x08003588   0x08003588   0x00000018   Code   RO         4102    i.OLED_W_RES        oled.o
    0x080035a0   0x080035a0   0x0000001e   Code   RO         4103    i.OLED_WriteCommand  oled.o
    0x080035be   0x080035be   0x0000002c   Code   RO         4104    i.OLED_WriteData    oled.o
    0x080035ea   0x080035ea   0x00000002   Code   RO         4368    i.PendSV_Handler    stm32f10x_it.o
    0x080035ec   0x080035ec   0x00000020   Code   RO         1775    i.RCC_APB1PeriphClockCmd  stm32f10x_rcc.o
    0x0800360c   0x0800360c   0x00000020   Code   RO         1777    i.RCC_APB2PeriphClockCmd  stm32f10x_rcc.o
    0x0800362c   0x0800362c   0x000000d4   Code   RO         1785    i.RCC_GetClocksFreq  stm32f10x_rcc.o
    0x08003700   0x08003700   0x00000002   Code   RO         4369    i.SVC_Handler       stm32f10x_it.o
    0x08003702   0x08003702   0x00000002   PAD
    0x08003704   0x08003704   0x000000b8   Code   RO         3479    i.Serial_Init       serial.o
    0x080037bc   0x080037bc   0x00000024   Code   RO         3481    i.Serial_Printf     serial.o
    0x080037e0   0x080037e0   0x00000020   Code   RO         3483    i.Serial_SendByte   serial.o
    0x08003800   0x08003800   0x0000001a   Code   RO         3485    i.Serial_SendString  serial.o
    0x0800381a   0x0800381a   0x00000008   Code   RO           24    i.SetSysClock       system_stm32f10x.o
    0x08003822   0x08003822   0x00000002   PAD
    0x08003824   0x08003824   0x000000e0   Code   RO           25    i.SetSysClockTo72   system_stm32f10x.o
    0x08003904   0x08003904   0x00000002   Code   RO         4370    i.SysTick_Handler   stm32f10x_it.o
    0x08003906   0x08003906   0x00000002   PAD
    0x08003908   0x08003908   0x00000060   Code   RO           27    i.SystemInit        system_stm32f10x.o
    0x08003968   0x08003968   0x00000030   Code   RO         4327    i.TIM2_IRQHandler   main.o
    0x08003998   0x08003998   0x00000006   Code   RO         2415    i.TIM_ClearFlag     stm32f10x_tim.o
    0x0800399e   0x0800399e   0x00000006   Code   RO         2416    i.TIM_ClearITPendingBit  stm32f10x_tim.o
    0x080039a4   0x080039a4   0x00000018   Code   RO         2421    i.TIM_Cmd           stm32f10x_tim.o
    0x080039bc   0x080039bc   0x00000022   Code   RO         2442    i.TIM_GetITStatus   stm32f10x_tim.o
    0x080039de   0x080039de   0x00000012   Code   RO         2446    i.TIM_ITConfig      stm32f10x_tim.o
    0x080039f0   0x080039f0   0x0000000c   Code   RO         2448    i.TIM_InternalClockConfig  stm32f10x_tim.o
    0x080039fc   0x080039fc   0x000000a4   Code   RO         2492    i.TIM_TimeBaseInit  stm32f10x_tim.o
    0x08003aa0   0x08003aa0   0x0000007e   Code   RO         3220    i.Timer_Init        timer.o
    0x08003b1e   0x08003b1e   0x00000002   PAD
    0x08003b20   0x08003b20   0x00000038   Code   RO         3486    i.USART1_IRQHandler  serial.o
    0x08003b58   0x08003b58   0x0000001e   Code   RO         2957    i.USART_ClearITPendingBit  stm32f10x_usart.o
    0x08003b76   0x08003b76   0x00000018   Code   RO         2960    i.USART_Cmd         stm32f10x_usart.o
    0x08003b8e   0x08003b8e   0x0000001a   Code   RO         2963    i.USART_GetFlagStatus  stm32f10x_usart.o
    0x08003ba8   0x08003ba8   0x00000054   Code   RO         2964    i.USART_GetITStatus  stm32f10x_usart.o
    0x08003bfc   0x08003bfc   0x0000004a   Code   RO         2966    i.USART_ITConfig    stm32f10x_usart.o
    0x08003c46   0x08003c46   0x00000002   PAD
    0x08003c48   0x08003c48   0x000000d8   Code   RO         2967    i.USART_Init        stm32f10x_usart.o
    0x08003d20   0x08003d20   0x0000000a   Code   RO         2974    i.USART_ReceiveData  stm32f10x_usart.o
    0x08003d2a   0x08003d2a   0x00000008   Code   RO         2977    i.USART_SendData    stm32f10x_usart.o
    0x08003d32   0x08003d32   0x00000004   Code   RO         4371    i.UsageFault_Handler  stm32f10x_it.o
    0x08003d36   0x08003d36   0x00000028   Code   RO         4705    i.__ARM_fpclassify  m_ws.l(fpclassify.o)
    0x08003d5e   0x08003d5e   0x00000026   Code   RO         4707    i.__ARM_fpclassifyf  m_ws.l(fpclassifyf.o)
    0x08003d84   0x08003d84   0x000000aa   Code   RO         4723    i.__kernel_poly     m_ws.l(poly.o)
    0x08003e2e   0x08003e2e   0x00000006   Code   RO         4692    i.__mathlib_dbl_infnan  m_ws.l(dunder.o)
    0x08003e34   0x08003e34   0x00000004   Code   RO         4693    i.__mathlib_dbl_infnan2  m_ws.l(dunder.o)
    0x08003e38   0x08003e38   0x0000000c   Code   RO         4694    i.__mathlib_dbl_invalid  m_ws.l(dunder.o)
    0x08003e44   0x08003e44   0x00000010   Code   RO         4697    i.__mathlib_dbl_underflow  m_ws.l(dunder.o)
    0x08003e54   0x08003e54   0x00000006   Code   RO         4710    i.__mathlib_flt_infnan  m_ws.l(funder.o)
    0x08003e5a   0x08003e5a   0x00000008   Code   RO         4712    i.__mathlib_flt_invalid  m_ws.l(funder.o)
    0x08003e62   0x08003e62   0x0000000a   Code   RO         4715    i.__mathlib_flt_underflow  m_ws.l(funder.o)
    0x08003e6c   0x08003e6c   0x00000168   Code   RO         4726    i.__mathlib_rredf2  m_ws.l(rredf.o)
    0x08003fd4   0x08003fd4   0x0000000e   Code   RO         4617    i._is_digit         c_w.l(__printf_wp.o)
    0x08003fe2   0x08003fe2   0x00000002   PAD
    0x08003fe4   0x08003fe4   0x000000a8   Code   RO         3553    i.accel_self_test   inv_mpu.o
    0x0800408c   0x0800408c   0x00000270   Code   RO         4511    i.asin              m_ws.l(asin.o)
    0x080042fc   0x080042fc   0x00000220   Code   RO         4682    i.atan              m_ws.l(atan.o)
    0x0800451c   0x0800451c   0x00000180   Code   RO         4521    i.atan2             m_ws.l(atan2.o)
    0x0800469c   0x0800469c   0x0000017c   Code   RO         4529    i.cosf              m_ws.l(cosf.o)
    0x08004818   0x08004818   0x00000064   Code   RO         3867    i.decode_gesture    inv_mpu_dmp_motion_driver.o
    0x0800487c   0x0800487c   0x0000003c   Code   RO         3868    i.dmp_enable_6x_lp_quat  inv_mpu_dmp_motion_driver.o
    0x080048b8   0x080048b8   0x0000021c   Code   RO         3869    i.dmp_enable_feature  inv_mpu_dmp_motion_driver.o
    0x08004ad4   0x08004ad4   0x00000058   Code   RO         3870    i.dmp_enable_gyro_cal  inv_mpu_dmp_motion_driver.o
    0x08004b2c   0x08004b2c   0x0000003c   Code   RO         3871    i.dmp_enable_lp_quat  inv_mpu_dmp_motion_driver.o
    0x08004b68   0x08004b68   0x00000018   Code   RO         3876    i.dmp_load_motion_driver_firmware  inv_mpu_dmp_motion_driver.o
    0x08004b80   0x08004b80   0x000001cc   Code   RO         3877    i.dmp_read_fifo     inv_mpu_dmp_motion_driver.o
    0x08004d4c   0x08004d4c   0x00000130   Code   RO         3880    i.dmp_set_accel_bias  inv_mpu_dmp_motion_driver.o
    0x08004e7c   0x08004e7c   0x00000070   Code   RO         3881    i.dmp_set_fifo_rate  inv_mpu_dmp_motion_driver.o
    0x08004eec   0x08004eec   0x00000130   Code   RO         3882    i.dmp_set_gyro_bias  inv_mpu_dmp_motion_driver.o
    0x0800501c   0x0800501c   0x00000138   Code   RO         3884    i.dmp_set_orientation  inv_mpu_dmp_motion_driver.o
    0x08005154   0x08005154   0x00000038   Code   RO         3887    i.dmp_set_shake_reject_thresh  inv_mpu_dmp_motion_driver.o
    0x0800518c   0x0800518c   0x00000026   Code   RO         3888    i.dmp_set_shake_reject_time  inv_mpu_dmp_motion_driver.o
    0x080051b2   0x080051b2   0x00000026   Code   RO         3889    i.dmp_set_shake_reject_timeout  inv_mpu_dmp_motion_driver.o
    0x080051d8   0x080051d8   0x00000046   Code   RO         3890    i.dmp_set_tap_axes  inv_mpu_dmp_motion_driver.o
    0x0800521e   0x0800521e   0x00000026   Code   RO         3891    i.dmp_set_tap_count  inv_mpu_dmp_motion_driver.o
    0x08005244   0x08005244   0x000001a0   Code   RO         3892    i.dmp_set_tap_thresh  inv_mpu_dmp_motion_driver.o
    0x080053e4   0x080053e4   0x00000026   Code   RO         3893    i.dmp_set_tap_time  inv_mpu_dmp_motion_driver.o
    0x0800540a   0x0800540a   0x00000026   Code   RO         3894    i.dmp_set_tap_time_multi  inv_mpu_dmp_motion_driver.o
    0x08005430   0x08005430   0x000000b4   Code   RO         3554    i.get_accel_prod_shift  inv_mpu.o
    0x080054e4   0x080054e4   0x00000470   Code   RO         3555    i.get_st_biases     inv_mpu.o
    0x08005954   0x08005954   0x00000110   Code   RO         3556    i.gyro_self_test    inv_mpu.o
    0x08005a64   0x08005a64   0x00000028   Code   RO         3895    i.inv_orientation_matrix_to_scalar  inv_mpu_dmp_motion_driver.o
    0x08005a8c   0x08005a8c   0x0000004e   Code   RO         3896    i.inv_row_2_scale   inv_mpu_dmp_motion_driver.o
    0x08005ada   0x08005ada   0x00000002   PAD
    0x08005adc   0x08005adc   0x00000104   Code   RO         4328    i.main              main.o
    0x08005be0   0x08005be0   0x00000002   Code   RO         3557    i.mget_ms           inv_mpu.o
    0x08005be2   0x08005be2   0x00000002   PAD
    0x08005be4   0x08005be4   0x00000070   Code   RO         3558    i.mpu_configure_fifo  inv_mpu.o
    0x08005c54   0x08005c54   0x0000004c   Code   RO         3559    i.mpu_get_accel_fsr  inv_mpu.o
    0x08005ca0   0x08005ca0   0x00000054   Code   RO         3561    i.mpu_get_accel_sens  inv_mpu.o
    0x08005cf4   0x08005cf4   0x00000010   Code   RO         3566    i.mpu_get_fifo_config  inv_mpu.o
    0x08005d04   0x08005d04   0x00000044   Code   RO         3567    i.mpu_get_gyro_fsr  inv_mpu.o
    0x08005d48   0x08005d48   0x00000050   Code   RO         3569    i.mpu_get_gyro_sens  inv_mpu.o
    0x08005d98   0x08005d98   0x00000050   Code   RO         3571    i.mpu_get_lpf       inv_mpu.o
    0x08005de8   0x08005de8   0x00000020   Code   RO         3573    i.mpu_get_sample_rate  inv_mpu.o
    0x08005e08   0x08005e08   0x000001f0   Code   RO         3575    i.mpu_init          inv_mpu.o
    0x08005ff8   0x08005ff8   0x000000b8   Code   RO         3576    i.mpu_load_firmware  inv_mpu.o
    0x080060b0   0x080060b0   0x000000e0   Code   RO         3577    i.mpu_lp_accel_mode  inv_mpu.o
    0x08006190   0x08006190   0x000000c0   Code   RO         3580    i.mpu_read_fifo_stream  inv_mpu.o
    0x08006250   0x08006250   0x00000080   Code   RO         3581    i.mpu_read_mem      inv_mpu.o
    0x080062d0   0x080062d0   0x000001c8   Code   RO         3584    i.mpu_reset_fifo    inv_mpu.o
    0x08006498   0x08006498   0x0000011c   Code   RO         3585    i.mpu_run_self_test  inv_mpu.o
    0x080065b4   0x080065b4   0x00000084   Code   RO         3587    i.mpu_set_accel_fsr  inv_mpu.o
    0x08006638   0x08006638   0x0000014c   Code   RO         3588    i.mpu_set_bypass    inv_mpu.o
    0x08006784   0x08006784   0x00000090   Code   RO         3590    i.mpu_set_dmp_state  inv_mpu.o
    0x08006814   0x08006814   0x00000088   Code   RO         3591    i.mpu_set_gyro_fsr  inv_mpu.o
    0x0800689c   0x0800689c   0x0000006c   Code   RO         3592    i.mpu_set_int_latched  inv_mpu.o
    0x08006908   0x08006908   0x00000084   Code   RO         3594    i.mpu_set_lpf       inv_mpu.o
    0x0800698c   0x0800698c   0x0000009c   Code   RO         3595    i.mpu_set_sample_rate  inv_mpu.o
    0x08006a28   0x08006a28   0x000000d0   Code   RO         3596    i.mpu_set_sensors   inv_mpu.o
    0x08006af8   0x08006af8   0x00000080   Code   RO         3597    i.mpu_write_mem     inv_mpu.o
    0x08006b78   0x08006b78   0x00000094   Code   RO         3897    i.run_self_test     inv_mpu_dmp_motion_driver.o
    0x08006c0c   0x08006c0c   0x00000090   Code   RO         3598    i.set_int_enable    inv_mpu.o
    0x08006c9c   0x08006c9c   0x00000188   Code   RO         4539    i.sinf              m_ws.l(sinf.o)
    0x08006e24   0x08006e24   0x0000004c   Code   RO         4730    i.sqrt              m_ws.l(sqrt.o)
    0x08006e70   0x08006e70   0x0000002c   Code   RO         4547    i.sqrtf             m_ws.l(sqrtf.o)
    0x08006e9c   0x08006e9c   0x0000002c   Code   RO         4829    locale$$code        c_w.l(lc_numeric_c.o)
    0x08006ec8   0x08006ec8   0x0000002c   Code   RO         4848    locale$$code        c_w.l(lc_ctype_c.o)
    0x08006ef4   0x08006ef4   0x00000062   Code   RO         4444    x$fpl$d2f           fz_ws.l(d2f.o)
    0x08006f56   0x08006f56   0x00000002   PAD
    0x08006f58   0x08006f58   0x00000150   Code   RO         4446    x$fpl$dadd          fz_ws.l(daddsub_clz.o)
    0x080070a8   0x080070a8   0x00000010   Code   RO         4781    x$fpl$dcheck1       fz_ws.l(dcheck1.o)
    0x080070b8   0x080070b8   0x000002b0   Code   RO         4453    x$fpl$ddiv          fz_ws.l(ddiv.o)
    0x08007368   0x08007368   0x00000154   Code   RO         4472    x$fpl$dmul          fz_ws.l(dmul.o)
    0x080074bc   0x080074bc   0x0000009c   Code   RO         4654    x$fpl$dnaninf       fz_ws.l(dnaninf.o)
    0x08007558   0x08007558   0x0000000c   Code   RO         4656    x$fpl$dretinf       fz_ws.l(dretinf.o)
    0x08007564   0x08007564   0x00000016   Code   RO         4447    x$fpl$drsb          fz_ws.l(daddsub_clz.o)
    0x0800757a   0x0800757a   0x00000002   PAD
    0x0800757c   0x0800757c   0x000001cc   Code   RO         4783    x$fpl$dsqrt         fz_ws.l(dsqrt_noumaal.o)
    0x08007748   0x08007748   0x000001d4   Code   RO         4448    x$fpl$dsub          fz_ws.l(daddsub_clz.o)
    0x0800791c   0x0800791c   0x00000056   Code   RO         4476    x$fpl$f2d           fz_ws.l(f2d.o)
    0x08007972   0x08007972   0x00000002   PAD
    0x08007974   0x08007974   0x000000c4   Code   RO         4478    x$fpl$fadd          fz_ws.l(faddsub_clz.o)
    0x08007a38   0x08007a38   0x0000000c   Code   RO         4839    x$fpl$fcheck1       fz_ws.l(fcheck1.o)
    0x08007a44   0x08007a44   0x00000018   Code   RO         4660    x$fpl$fcmpinf       fz_ws.l(fcmpi.o)
    0x08007a5c   0x08007a5c   0x00000184   Code   RO         4485    x$fpl$fdiv          fz_ws.l(fdiv.o)
    0x08007be0   0x08007be0   0x00000068   Code   RO         4488    x$fpl$feqf          fz_ws.l(feqf.o)
    0x08007c48   0x08007c48   0x00000036   Code   RO         4490    x$fpl$ffix          fz_ws.l(ffix.o)
    0x08007c7e   0x08007c7e   0x00000002   PAD
    0x08007c80   0x08007c80   0x0000003e   Code   RO         4494    x$fpl$ffixu         fz_ws.l(ffixu.o)
    0x08007cbe   0x08007cbe   0x00000002   PAD
    0x08007cc0   0x08007cc0   0x00000030   Code   RO         4499    x$fpl$fflt          fz_ws.l(fflt_clz.o)
    0x08007cf0   0x08007cf0   0x00000026   Code   RO         4498    x$fpl$ffltu         fz_ws.l(fflt_clz.o)
    0x08007d16   0x08007d16   0x00000002   PAD
    0x08007d18   0x08007d18   0x00000068   Code   RO         4504    x$fpl$fleqf         fz_ws.l(fleqf.o)
    0x08007d80   0x08007d80   0x00000102   Code   RO         4506    x$fpl$fmul          fz_ws.l(fmul.o)
    0x08007e82   0x08007e82   0x0000008c   Code   RO         4662    x$fpl$fnaninf       fz_ws.l(fnaninf.o)
    0x08007f0e   0x08007f0e   0x0000000a   Code   RO         4664    x$fpl$fretinf       fz_ws.l(fretinf.o)
    0x08007f18   0x08007f18   0x00000062   Code   RO         4508    x$fpl$frleqf        fz_ws.l(frleqf.o)
    0x08007f7a   0x08007f7a   0x00000002   PAD
    0x08007f7c   0x08007f7c   0x00000060   Code   RO         4666    x$fpl$frnd          fz_ws.l(frnd.o)
    0x08007fdc   0x08007fdc   0x00000014   Code   RO         4479    x$fpl$frsb          fz_ws.l(faddsub_clz.o)
    0x08007ff0   0x08007ff0   0x00000110   Code   RO         4668    x$fpl$fsqrt         fz_ws.l(fsqrt.o)
    0x08008100   0x08008100   0x000000ea   Code   RO         4480    x$fpl$fsub          fz_ws.l(faddsub_clz.o)
    0x080081ea   0x080081ea   0x00000004   Code   RO         4670    x$fpl$printf1       fz_ws.l(printf1.o)
    0x080081ee   0x080081ee   0x00000004   Code   RO         4672    x$fpl$printf2       fz_ws.l(printf2.o)
    0x080081f2   0x080081f2   0x00000064   Code   RO         4843    x$fpl$retnan        fz_ws.l(retnan.o)
    0x08008256   0x08008256   0x0000005c   Code   RO         4678    x$fpl$scalbn        fz_ws.l(scalbn.o)
    0x080082b2   0x080082b2   0x0000004c   Code   RO         4785    x$fpl$scalbnf       fz_ws.l(scalbnf.o)
    0x080082fe   0x080082fe   0x00000030   Code   RO         4899    x$fpl$trapveneer    fz_ws.l(trapv.o)
    0x0800832e   0x0800832e   0x00000000   Code   RO         4680    x$fpl$usenofp       fz_ws.l(usenofp.o)
    0x0800832e   0x0800832e   0x00000002   PAD
    0x08008330   0x08008330   0x00000054   Data   RO         3600    .constdata          inv_mpu.o
    0x08008384   0x08008384   0x00000bf6   Data   RO         3899    .constdata          inv_mpu_dmp_motion_driver.o
    0x08008f7a   0x08008f7a   0x0000094d   Data   RO         4314    .constdata          oled_data.o
    0x080098c7   0x080098c7   0x00000001   PAD
    0x080098c8   0x080098c8   0x00000024   Data   RO         4329    .constdata          main.o
    0x080098ec   0x080098ec   0x00000004   PAD
    0x080098f0   0x080098f0   0x00000050   Data   RO         4512    .constdata          m_ws.l(asin.o)
    0x08009940   0x08009940   0x00000008   Data   RO         4576    .constdata          c_w.l(_printf_wctomb.o)
    0x08009948   0x08009948   0x00000028   Data   RO         4605    .constdata          c_w.l(_printf_hex_int_ll_ptr.o)
    0x08009970   0x08009970   0x00000011   Data   RO         4625    .constdata          c_w.l(__printf_flags_ss_wp.o)
    0x08009981   0x08009981   0x00000007   PAD
    0x08009988   0x08009988   0x00000098   Data   RO         4683    .constdata          m_ws.l(atan.o)
    0x08009a20   0x08009a20   0x00000008   Data   RO         4725    .constdata          m_ws.l(qnan.o)
    0x08009a28   0x08009a28   0x00000020   Data   RO         4727    .constdata          m_ws.l(rredf.o)
    0x08009a48   0x08009a48   0x00000026   Data   RO         4768    .constdata          c_w.l(_printf_fp_hex.o)
    0x08009a6e   0x08009a6e   0x00000002   PAD
    0x08009a70   0x08009a70   0x00000094   Data   RO         4804    .constdata          c_w.l(bigflt0.o)
    0x08009b04   0x08009b04   0x0000004d   Data   RO         3601    .conststring        inv_mpu.o
    0x08009b51   0x08009b51   0x00000003   PAD
    0x08009b54   0x08009b54   0x00000020   Data   RO         4978    Region$$Table       anon$$obj.o
    0x08009b74   0x08009b74   0x0000001c   Data   RO         4828    locale$$data        c_w.l(lc_numeric_c.o)
    0x08009b90   0x08009b90   0x00000110   Data   RO         4847    locale$$data        c_w.l(lc_ctype_c.o)


    Execution Region RW_IRAM1 (Exec base: 0x20000000, Load base: 0x08009ca0, Size: 0x00000b00, Max: 0x00005000, ABSOLUTE)

    Exec Addr    Load Addr    Size         Type   Attr      Idx    E Section Name        Object

    0x20000000   0x08009ca0   0x00000014   Data   RW         1805    .data               stm32f10x_rcc.o
    0x20000014   0x08009cb4   0x0000002f   Data   RW         3404    .data               mpu6050.o
    0x20000043   0x08009ce3   0x00000002   Data   RW         3487    .data               serial.o
    0x20000045   0x08009ce5   0x00000003   PAD
    0x20000048   0x08009ce8   0x0000002c   Data   RW         3602    .data               inv_mpu.o
    0x20000074   0x08009d14   0x0000000c   Data   RW         4330    .data               main.o
    0x20000080        -       0x00000010   Zero   RW         3403    .bss                mpu6050.o
    0x20000090        -       0x00000010   Zero   RW         3898    .bss                inv_mpu_dmp_motion_driver.o
    0x200000a0        -       0x00000400   Zero   RW         4106    .bss                oled.o
    0x200004a0        -       0x00000060   Zero   RW         4788    .bss                c_w.l(libspace.o)
    0x20000500        -       0x00000200   Zero   RW            2    HEAP                startup_stm32f10x_md.o
    0x20000700        -       0x00000400   Zero   RW            1    STACK               startup_stm32f10x_md.o


==============================================================================

Image component sizes


      Code (inc. data)   RO Data    RW Data    ZI Data      Debug   Object Name

         0          0          0          0          0       4508   core_cm3.o
        70          0          0          0          0        882   delay.o
      5890        280        161         44          0      25665   inv_mpu.o
      3362        122       3062          0         16      21757   inv_mpu_dmp_motion_driver.o
      1480        126         36         12          0       3066   main.o
       132         22          0          0          0     204643   misc.o
      2040        932          0         47         16       4055   mpu6050.o
       338         18          0          0          0       4634   myi2c.o
      2124         80          0          0       1024      12856   oled.o
         0          0       2381          0          0       1018   oled_data.o
       334         26          0          2          0       3406   serial.o
        64         26        236          0       1536        804   startup_stm32f10x_md.o
         0          0          0          0          0       1636   stm32f10x_adc.o
       310          0          0          0          0      11703   stm32f10x_gpio.o
        26          0          0          0          0       3542   stm32f10x_it.o
       276         32          0         20          0      12830   stm32f10x_rcc.o
       264         42          0          0          0      24428   stm32f10x_tim.o
       472          6          0          0          0      12259   stm32f10x_usart.o
       328         28          0          0          0      45041   system_stm32f10x.o
       126          0          0          0          0        529   timer.o

    ----------------------------------------------------------------------
     17656       1740       5916        128       2592     399262   Object Totals
         0          0         32          0          0          0   (incl. Generated)
        20          0          8          3          0          0   (incl. Padding)

    ----------------------------------------------------------------------

      Code (inc. data)   RO Data    RW Data    ZI Data      Debug   Library Member Name

         8          0          0          0          0         68   __main.o
       392          4         17          0          0         92   __printf_flags_ss_wp.o
        14          0          0          0          0         68   __printf_wp.o
         0          0          0          0          0          0   __rtentry.o
        12          0          0          0          0          0   __rtentry2.o
         6          0          0          0          0          0   __rtentry4.o
        52          8          0          0          0          0   __scatter.o
        26          0          0          0          0          0   __scatter_copy.o
        28          0          0          0          0          0   __scatter_zi.o
         6          0          0          0          0          0   _printf_a.o
         6          0          0          0          0          0   _printf_c.o
        44          0          0          0          0        108   _printf_char.o
        48          6          0          0          0         96   _printf_char_common.o
        40          0          0          0          0         68   _printf_charcount.o
         6          0          0          0          0          0   _printf_d.o
       120         16          0          0          0         92   _printf_dec.o
         6          0          0          0          0          0   _printf_e.o
         6          0          0          0          0          0   _printf_f.o
      1054          0          0          0          0        216   _printf_fp_dec.o
       764          8         38          0          0        100   _printf_fp_hex.o
       128         16          0          0          0         84   _printf_fp_infnan.o
         6          0          0          0          0          0   _printf_g.o
       148          4         40          0          0        160   _printf_hex_int_ll_ptr.o
         6          0          0          0          0          0   _printf_i.o
       178          0          0          0          0         88   _printf_intcommon.o
        10          0          0          0          0          0   _printf_l.o
         6          0          0          0          0          0   _printf_lc.o
        10          0          0          0          0          0   _printf_ll.o
         6          0          0          0          0          0   _printf_lld.o
         6          0          0          0          0          0   _printf_lli.o
         6          0          0          0          0          0   _printf_llo.o
         6          0          0          0          0          0   _printf_llu.o
         6          0          0          0          0          0   _printf_llx.o
       124         16          0          0          0         92   _printf_longlong_dec.o
         6          0          0          0          0          0   _printf_ls.o
         6          0          0          0          0          0   _printf_n.o
         6          0          0          0          0          0   _printf_o.o
       112         10          0          0          0        124   _printf_oct_int_ll.o
         6          0          0          0          0          0   _printf_p.o
        78          0          0          0          0        108   _printf_pad.o
         0          0          0          0          0          0   _printf_percent.o
         4          0          0          0          0          0   _printf_percent_end.o
         6          0          0          0          0          0   _printf_s.o
        82          0          0          0          0         80   _printf_str.o
        36          0          0          0          0         84   _printf_truncate.o
         6          0          0          0          0          0   _printf_u.o
        44          0          0          0          0        108   _printf_wchar.o
       188          6          8          0          0         92   _printf_wctomb.o
         6          0          0          0          0          0   _printf_x.o
        22          0          0          0          0        100   _rserrno.o
        10          0          0          0          0         68   _sputc.o
        64          0          0          0          0         92   _wcrtomb.o
        16          0          0          0          0         68   aeabi_memset.o
       228          4        148          0          0         96   bigflt0.o
      1936        128          0          0          0        672   btod.o
        18          0          0          0          0         80   exit.o
         6          0          0          0          0        152   heapauxi.o
         0          0          0          0          0          0   indicate_semi.o
        44         10        272          0          0         76   lc_ctype_c.o
        44         10         28          0          0         76   lc_numeric_c.o
         2          0          0          0          0          0   libinit.o
        30          0          0          0          0          0   libinit2.o
         2          0          0          0          0          0   libshutdown.o
         2          0          0          0          0          0   libshutdown2.o
         8          4          0          0         96         68   libspace.o
        72          0          0          0          0         76   llsdiv.o
       138          0          0          0          0         80   lludiv10.o
       238          0          0          0          0        100   lludivv7m.o
        88          0          0          0          0         76   memcmp.o
        16          4          0          0          0         76   rt_ctype_table.o
         8          4          0          0          0         68   rt_errno_addr_intlibspace.o
         8          4          0          0          0         68   rt_locale_intlibspace.o
        68          0          0          0          0         68   rt_memclr.o
        78          0          0          0          0         80   rt_memclr_w.o
       100          0          0          0          0         80   rt_memcpy_w.o
         2          0          0          0          0          0   rtexit.o
        10          0          0          0          0          0   rtexit2.o
       128          0          0          0          0         68   strcmpv7m.o
        12          4          0          0          0         68   sys_exit.o
        74          0          0          0          0         80   sys_stackheap_outer.o
         2          0          0          0          0         68   use_no_semi.o
        36          4          0          0          0         76   vsprintf.o
        98          4          0          0          0         92   d2f.o
       826         16          0          0          0        348   daddsub_clz.o
        16          4          0          0          0         68   dcheck1.o
       688        140          0          0          0        208   ddiv.o
       340         12          0          0          0        104   dmul.o
       156          4          0          0          0         92   dnaninf.o
        12          0          0          0          0         68   dretinf.o
       460         56          0          0          0        120   dsqrt_noumaal.o
        86          4          0          0          0         84   f2d.o
       450          8          0          0          0        236   faddsub_clz.o
        12          4          0          0          0         68   fcheck1.o
        24          0          0          0          0         68   fcmpi.o
       388         76          0          0          0         96   fdiv.o
       104          4          0          0          0         84   feqf.o
        54          4          0          0          0         84   ffix.o
        62          4          0          0          0         84   ffixu.o
        86          0          0          0          0        136   fflt_clz.o
       104          4          0          0          0         84   fleqf.o
       258          4          0          0          0         84   fmul.o
       140          4          0          0          0         84   fnaninf.o
        10          0          0          0          0         68   fretinf.o
        98          0          0          0          0         68   frleqf.o
        96          4          0          0          0         76   frnd.o
       272        100          0          0          0         88   fsqrt.o
         4          0          0          0          0         68   printf1.o
         4          0          0          0          0         68   printf2.o
       100          0          0          0          0         68   retnan.o
        92          0          0          0          0         68   scalbn.o
        76          0          0          0          0         68   scalbnf.o
        48          0          0          0          0         68   trapv.o
         0          0          0          0          0          0   usenofp.o
       624         52         80          0          0        168   asin.o
       544         70        152          0          0        124   atan.o
       384         38          0          0          0        144   atan2.o
       380         52          0          0          0        124   cosf.o
        38          6          0          0          0        272   dunder.o
        40          0          0          0          0         68   fpclassify.o
        38          0          0          0          0         68   fpclassifyf.o
        24          0          0          0          0        204   funder.o
       170          0          0          0          0         96   poly.o
         0          0          8          0          0          0   qnan.o
       360         16         32          0          0         88   rredf.o
       392         54          0          0          0        124   sinf.o
        76          0          0          0          0         84   sqrt.o
        44          0          0          0          0         80   sqrtf.o

    ----------------------------------------------------------------------
     15692       1014        832          0         96       9252   Library Totals
        34          0          9          0          0          0   (incl. Padding)

    ----------------------------------------------------------------------

      Code (inc. data)   RO Data    RW Data    ZI Data      Debug   Library Name

      7380        270        551          0         96       4608   c_w.l
      5164        456          0          0          0       3000   fz_ws.l
      3114        288        272          0          0       1644   m_ws.l

    ----------------------------------------------------------------------
     15692       1014        832          0         96       9252   Library Totals

    ----------------------------------------------------------------------

==============================================================================


      Code (inc. data)   RO Data    RW Data    ZI Data      Debug   

     33348       2754       6748        128       2688     396550   Grand Totals
     33348       2754       6748        128       2688     396550   ELF Image Totals
     33348       2754       6748        128          0          0   ROM Totals

==============================================================================

    Total RO  Size (Code + RO Data)                40096 (  39.16kB)
    Total RW  Size (RW Data + ZI Data)              2816 (   2.75kB)
    Total ROM Size (Code + RO Data + RW Data)      40224 (  39.28kB)

==============================================================================

